=== RUN   TestLogAudit
=== RUN   TestLogAudit/Record_log_entry
2026/05/28 19:26:11 INFO audit log action=TEST_ACTION username=testuser ip=1.2.3.4 details="map[country:unknown foo:bar]"
=== RUN   TestLogAudit/Log_trimming
2026/05/28 19:26:11 INFO audit log action=FILL username=user ip=127.0.0.1 details=map[country:Internal]
2026/05/28 19:26:11 INFO audit log action=FILL username=user ip=127.0.0.1 details=map[country:Internal]
2026/05/28 19:26:11 INFO audit log action=FILL username=user ip=127.0.0.1 details=map[country:Internal]
2026/05/28 19:26:11 INFO audit log action=FILL username=user ip=127.0.0.1 details=map[country:Internal]
2026/05/28 19:26:11 INFO audit log action=FILL username=user ip=127.0.0.1 details=map[country:Internal]
2026/05/28 19:26:11 INFO audit log action=FILL username=user ip=127.0.0.1 details=map[country:Internal]
2026/05/28 19:26:11 INFO audit log action=FILL username=user ip=127.0.0.1 details=map[country:Internal]
2026/05/28 19:26:11 INFO audit log action=FILL username=user ip=127.0.0.1 details=map[country:Internal]
2026/05/28 19:26:11 INFO audit log action=FILL username=user ip=127.0.0.1 details=map[country:Internal]
2026/05/28 19:26:11 INFO audit log action=FILL username=user ip=127.0.0.1 details=map[country:Internal]
2026/05/28 19:26:11 INFO audit log action=FILL username=user ip=127.0.0.1 details=map[country:Internal]
2026/05/28 19:26:11 INFO audit log action=FILL username=user ip=127.0.0.1 details=map[country:Internal]
2026/05/28 19:26:11 INFO audit log action=FILL username=user ip=127.0.0.1 details=map[country:Internal]
2026/05/28 19:26:11 INFO audit log action=FILL username=user ip=127.0.0.1 details=map[country:Internal]
2026/05/28 19:26:11 INFO audit log action=FILL username=user ip=127.0.0.1 details=map[country:Internal]
2026/05/28 19:26:11 INFO audit log action=FILL username=user ip=127.0.0.1 details=map[country:Internal]
2026/05/28 19:26:11 INFO audit log action=FILL username=user ip=127.0.0.1 details=map[country:Internal]
2026/05/28 19:26:11 INFO audit log action=FILL username=user ip=127.0.0.1 details=map[country:Internal]
2026/05/28 19:26:11 INFO audit log action=FILL username=user ip=127.0.0.1 details=map[country:Internal]
2026/05/28 19:26:11 INFO audit log action=FILL username=user ip=127.0.0.1 details=map[country:Internal]
2026/05/28 19:26:11 INFO audit log action=FILL username=user ip=127.0.0.1 details=map[country:Internal]
2026/05/28 19:26:11 INFO audit log action=FILL username=user ip=127.0.0.1 details=map[country:Internal]
2026/05/28 19:26:11 INFO audit log action=FILL username=user ip=127.0.0.1 details=map[country:Internal]
2026/05/28 19:26:11 INFO audit log action=FILL username=user ip=127.0.0.1 details=map[country:Internal]
2026/05/28 19:26:11 INFO audit log action=FILL username=user ip=127.0.0.1 details=map[country:Internal]
2026/05/28 19:26:11 INFO audit log action=FILL username=user ip=127.0.0.1 details=map[country:Internal]
2026/05/28 19:26:11 INFO audit log action=FILL username=user ip=127.0.0.1 details=map[country:Internal]
2026/05/28 19:26:11 INFO audit log action=FILL username=user ip=127.0.0.1 details=map[country:Internal]
2026/05/28 19:26:11 INFO audit log action=FILL username=user ip=127.0.0.1 details=map[country:Internal]
2026/05/28 19:26:11 INFO audit log action=FILL username=user ip=127.0.0.1 details=map[country:Internal]
2026/05/28 19:26:11 INFO audit log action=FILL username=user ip=127.0.0.1 details=map[country:Internal]
2026/05/28 19:26:11 INFO audit log action=FILL username=user ip=127.0.0.1 details=map[country:Internal]
2026/05/28 19:26:11 INFO audit log action=FILL username=user ip=127.0.0.1 details=map[country:Internal]
2026/05/28 19:26:11 INFO audit log action=FILL username=user ip=127.0.0.1 details=map[country:Internal]
2026/05/28 19:26:11 INFO audit log action=FILL username=user ip=127.0.0.1 details=map[country:Internal]
2026/05/28 19:26:11 INFO audit log action=FILL username=user ip=127.0.0.1 details=map[country:Internal]
2026/05/28 19:26:11 INFO audit log action=FILL username=user ip=127.0.0.1 details=map[country:Internal]
2026/05/28 19:26:11 INFO audit log action=FILL username=user ip=127.0.0.1 details=map[country:Internal]
2026/05/28 19:26:11 INFO audit log action=FILL username=user ip=127.0.0.1 details=map[country:Internal]
2026/05/28 19:26:11 INFO audit log action=FILL username=user ip=127.0.0.1 details=map[country:Internal]
2026/05/28 19:26:11 INFO audit log action=FILL username=user ip=127.0.0.1 details=map[country:Internal]
2026/05/28 19:26:11 INFO audit log action=FILL username=user ip=127.0.0.1 details=map[country:Internal]
2026/05/28 19:26:11 INFO audit log action=FILL username=user ip=127.0.0.1 details=map[country:Internal]
2026/05/28 19:26:11 INFO audit log action=FILL username=user ip=127.0.0.1 details=map[country:Internal]
2026/05/28 19:26:11 INFO audit log action=FILL username=user ip=127.0.0.1 details=map[country:Internal]
2026/05/28 19:26:11 INFO audit log action=FILL username=user ip=127.0.0.1 details=map[country:Internal]
2026/05/28 19:26:11 INFO audit log action=FILL username=user ip=127.0.0.1 details=map[country:Internal]
2026/05/28 19:26:11 INFO audit log action=FILL username=user ip=127.0.0.1 details=map[country:Internal]
2026/05/28 19:26:11 INFO audit log action=FILL username=user ip=127.0.0.1 details=map[country:Internal]
2026/05/28 19:26:11 INFO audit log action=FILL username=user ip=127.0.0.1 details=map[country:Internal]
2026/05/28 19:26:11 INFO audit log action=FILL username=user ip=127.0.0.1 details=map[country:Internal]
2026/05/28 19:26:11 INFO audit log action=FILL username=user ip=127.0.0.1 details=map[country:Internal]
2026/05/28 19:26:11 INFO audit log action=FILL username=user ip=127.0.0.1 details=map[country:Internal]
2026/05/28 19:26:11 INFO audit log action=FILL username=user ip=127.0.0.1 details=map[country:Internal]
2026/05/28 19:26:11 INFO audit log action=FILL username=user ip=127.0.0.1 details=map[country:Internal]
2026/05/28 19:26:11 INFO audit log action=FILL username=user ip=127.0.0.1 details=map[country:Internal]
2026/05/28 19:26:11 INFO audit log action=FILL username=user ip=127.0.0.1 details=map[country:Internal]
2026/05/28 19:26:11 INFO audit log action=FILL username=user ip=127.0.0.1 details=map[country:Internal]
2026/05/28 19:26:11 INFO audit log action=FILL username=user ip=127.0.0.1 details=map[country:Internal]
2026/05/28 19:26:11 INFO audit log action=FILL username=user ip=127.0.0.1 details=map[country:Internal]
2026/05/28 19:26:11 INFO audit log action=FILL username=user ip=127.0.0.1 details=map[country:Internal]
2026/05/28 19:26:11 INFO audit log action=FILL username=user ip=127.0.0.1 details=map[country:Internal]
2026/05/28 19:26:11 INFO audit log action=FILL username=user ip=127.0.0.1 details=map[country:Internal]
2026/05/28 19:26:11 INFO audit log action=FILL username=user ip=127.0.0.1 details=map[country:Internal]
2026/05/28 19:26:11 INFO audit log action=FILL username=user ip=127.0.0.1 details=map[country:Internal]
2026/05/28 19:26:11 INFO audit log action=FILL username=user ip=127.0.0.1 details=map[country:Internal]
2026/05/28 19:26:11 INFO audit log action=FILL username=user ip=127.0.0.1 details=map[country:Internal]
2026/05/28 19:26:11 INFO audit log action=FILL username=user ip=127.0.0.1 details=map[country:Internal]
2026/05/28 19:26:11 INFO audit log action=FILL username=user ip=127.0.0.1 details=map[country:Internal]
2026/05/28 19:26:11 INFO audit log action=FILL username=user ip=127.0.0.1 details=map[country:Internal]
2026/05/28 19:26:11 INFO audit log action=FILL username=user ip=127.0.0.1 details=map[country:Internal]
2026/05/28 19:26:11 INFO audit log action=FILL username=user ip=127.0.0.1 details=map[country:Internal]
2026/05/28 19:26:11 INFO audit log action=FILL username=user ip=127.0.0.1 details=map[country:Internal]
2026/05/28 19:26:11 INFO audit log action=FILL username=user ip=127.0.0.1 details=map[country:Internal]
2026/05/28 19:26:11 INFO audit log action=FILL username=user ip=127.0.0.1 details=map[country:Internal]
2026/05/28 19:26:11 INFO audit log action=FILL username=user ip=127.0.0.1 details=map[country:Internal]
2026/05/28 19:26:11 INFO audit log action=FILL username=user ip=127.0.0.1 details=map[country:Internal]
2026/05/28 19:26:11 INFO audit log action=FILL username=user ip=127.0.0.1 details=map[country:Internal]
2026/05/28 19:26:11 INFO audit log action=FILL username=user ip=127.0.0.1 details=map[country:Internal]
2026/05/28 19:26:11 INFO audit log action=FILL username=user ip=127.0.0.1 details=map[country:Internal]
2026/05/28 19:26:11 INFO audit log action=FILL username=user ip=127.0.0.1 details=map[country:Internal]
2026/05/28 19:26:11 INFO audit log action=FILL username=user ip=127.0.0.1 details=map[country:Internal]
2026/05/28 19:26:11 INFO audit log action=FILL username=user ip=127.0.0.1 details=map[country:Internal]
2026/05/28 19:26:11 INFO audit log action=FILL username=user ip=127.0.0.1 details=map[country:Internal]
2026/05/28 19:26:11 INFO audit log action=FILL username=user ip=127.0.0.1 details=map[country:Internal]
2026/05/28 19:26:11 INFO audit log action=FILL username=user ip=127.0.0.1 details=map[country:Internal]
2026/05/28 19:26:11 INFO audit log action=FILL username=user ip=127.0.0.1 details=map[country:Internal]
2026/05/28 19:26:11 INFO audit log action=FILL username=user ip=127.0.0.1 details=map[country:Internal]
2026/05/28 19:26:11 INFO audit log action=FILL username=user ip=127.0.0.1 details=map[country:Internal]
2026/05/28 19:26:11 INFO audit log action=FILL username=user ip=127.0.0.1 details=map[country:Internal]
2026/05/28 19:26:11 INFO audit log action=FILL username=user ip=127.0.0.1 details=map[country:Internal]
2026/05/28 19:26:11 INFO audit log action=FILL username=user ip=127.0.0.1 details=map[country:Internal]
2026/05/28 19:26:11 INFO audit log action=FILL username=user ip=127.0.0.1 details=map[country:Internal]
2026/05/28 19:26:11 INFO audit log action=FILL username=user ip=127.0.0.1 details=map[country:Internal]
2026/05/28 19:26:11 INFO audit log action=FILL username=user ip=127.0.0.1 details=map[country:Internal]
2026/05/28 19:26:11 INFO audit log action=FILL username=user ip=127.0.0.1 details=map[country:Internal]
2026/05/28 19:26:11 INFO audit log action=FILL username=user ip=127.0.0.1 details=map[country:Internal]
2026/05/28 19:26:11 INFO audit log action=FILL username=user ip=127.0.0.1 details=map[country:Internal]
2026/05/28 19:26:11 INFO audit log action=FILL username=user ip=127.0.0.1 details=map[country:Internal]
2026/05/28 19:26:11 INFO audit log action=FILL username=user ip=127.0.0.1 details=map[country:Internal]
2026/05/28 19:26:11 INFO audit log action=FILL username=user ip=127.0.0.1 details=map[country:Internal]
2026/05/28 19:26:11 INFO audit log action=FILL username=user ip=127.0.0.1 details=map[country:Internal]
2026/05/28 19:26:11 INFO audit log action=FILL username=user ip=127.0.0.1 details=map[country:Internal]
2026/05/28 19:26:11 INFO audit log action=FILL username=user ip=127.0.0.1 details=map[country:Internal]
2026/05/28 19:26:11 INFO audit log action=FILL username=user ip=127.0.0.1 details=map[country:Internal]
2026/05/28 19:26:11 INFO audit log action=FILL username=user ip=127.0.0.1 details=map[country:Internal]
2026/05/28 19:26:11 INFO audit log action=FILL username=user ip=127.0.0.1 details=map[country:Internal]
2026/05/28 19:26:11 INFO audit log action=FILL username=user ip=127.0.0.1 details=map[country:Internal]
2026/05/28 19:26:11 INFO audit log action=FILL username=user ip=127.0.0.1 details=map[country:Internal]
2026/05/28 19:26:11 INFO audit log action=FILL username=user ip=127.0.0.1 details=map[country:Internal]
2026/05/28 19:26:11 INFO audit log action=FILL username=user ip=127.0.0.1 details=map[country:Internal]
2026/05/28 19:26:11 INFO audit log action=FILL username=user ip=127.0.0.1 details=map[country:Internal]
2026/05/28 19:26:11 INFO audit log action=FILL username=user ip=127.0.0.1 details=map[country:Internal]
2026/05/28 19:26:11 INFO audit log action=FILL username=user ip=127.0.0.1 details=map[country:Internal]
2026/05/28 19:26:11 INFO audit log action=FILL username=user ip=127.0.0.1 details=map[country:Internal]
2026/05/28 19:26:11 INFO audit log action=FILL username=user ip=127.0.0.1 details=map[country:Internal]
2026/05/28 19:26:11 INFO audit log action=FILL username=user ip=127.0.0.1 details=map[country:Internal]
2026/05/28 19:26:11 INFO audit log action=FILL username=user ip=127.0.0.1 details=map[country:Internal]
2026/05/28 19:26:11 INFO audit log action=FILL username=user ip=127.0.0.1 details=map[country:Internal]
2026/05/28 19:26:11 INFO audit log action=FILL username=user ip=127.0.0.1 details=map[country:Internal]
2026/05/28 19:26:11 INFO audit log action=FILL username=user ip=127.0.0.1 details=map[country:Internal]
2026/05/28 19:26:11 INFO audit log action=FILL username=user ip=127.0.0.1 details=map[country:Internal]
2026/05/28 19:26:11 INFO audit log action=FILL username=user ip=127.0.0.1 details=map[country:Internal]
2026/05/28 19:26:11 INFO audit log action=FILL username=user ip=127.0.0.1 details=map[country:Internal]
2026/05/28 19:26:11 INFO audit log action=FILL username=user ip=127.0.0.1 details=map[country:Internal]
2026/05/28 19:26:11 INFO audit log action=FILL username=user ip=127.0.0.1 details=map[country:Internal]
2026/05/28 19:26:11 INFO audit log action=FILL username=user ip=127.0.0.1 details=map[country:Internal]
2026/05/28 19:26:11 INFO audit log action=FILL username=user ip=127.0.0.1 details=map[country:Internal]
2026/05/28 19:26:11 INFO audit log action=FILL username=user ip=127.0.0.1 details=map[country:Internal]
2026/05/28 19:26:11 INFO audit log action=FILL username=user ip=127.0.0.1 details=map[country:Internal]
2026/05/28 19:26:11 INFO audit log action=FILL username=user ip=127.0.0.1 details=map[country:Internal]
2026/05/28 19:26:11 INFO audit log action=FILL username=user ip=127.0.0.1 details=map[country:Internal]
2026/05/28 19:26:11 INFO audit log action=FILL username=user ip=127.0.0.1 details=map[country:Internal]
2026/05/28 19:26:11 INFO audit log action=FILL username=user ip=127.0.0.1 details=map[country:Internal]
2026/05/28 19:26:11 INFO audit log action=FILL username=user ip=127.0.0.1 details=map[country:Internal]
2026/05/28 19:26:11 INFO audit log action=FILL username=user ip=127.0.0.1 details=map[country:Internal]
2026/05/28 19:26:11 INFO audit log action=FILL username=user ip=127.0.0.1 details=map[country:Internal]
2026/05/28 19:26:11 INFO audit log action=FILL username=user ip=127.0.0.1 details=map[country:Internal]
2026/05/28 19:26:11 INFO audit log action=FILL username=user ip=127.0.0.1 details=map[country:Internal]
2026/05/28 19:26:11 INFO audit log action=FILL username=user ip=127.0.0.1 details=map[country:Internal]
2026/05/28 19:26:11 INFO audit log action=FILL username=user ip=127.0.0.1 details=map[country:Internal]
2026/05/28 19:26:11 INFO audit log action=FILL username=user ip=127.0.0.1 details=map[country:Internal]
2026/05/28 19:26:11 INFO audit log action=FILL username=user ip=127.0.0.1 details=map[country:Internal]
2026/05/28 19:26:11 INFO audit log action=FILL username=user ip=127.0.0.1 details=map[country:Internal]
2026/05/28 19:26:11 INFO audit log action=FILL username=user ip=127.0.0.1 details=map[country:Internal]
2026/05/28 19:26:11 INFO audit log action=FILL username=user ip=127.0.0.1 details=map[country:Internal]
2026/05/28 19:26:11 INFO audit log action=FILL username=user ip=127.0.0.1 details=map[country:Internal]
2026/05/28 19:26:11 INFO audit log action=FILL username=user ip=127.0.0.1 details=map[country:Internal]
2026/05/28 19:26:11 INFO audit log action=FILL username=user ip=127.0.0.1 details=map[country:Internal]
2026/05/28 19:26:11 INFO audit log action=FILL username=user ip=127.0.0.1 details=map[country:Internal]
2026/05/28 19:26:11 INFO audit log action=FILL username=user ip=127.0.0.1 details=map[country:Internal]
2026/05/28 19:26:11 INFO audit log action=FILL username=user ip=127.0.0.1 details=map[country:Internal]
2026/05/28 19:26:11 INFO audit log action=FILL username=user ip=127.0.0.1 details=map[country:Internal]
2026/05/28 19:26:11 INFO audit log action=FILL username=user ip=127.0.0.1 details=map[country:Internal]
2026/05/28 19:26:11 INFO audit log action=FILL username=user ip=127.0.0.1 details=map[country:Internal]
2026/05/28 19:26:11 INFO audit log action=FILL username=user ip=127.0.0.1 details=map[country:Internal]
2026/05/28 19:26:11 INFO audit log action=FILL username=user ip=127.0.0.1 details=map[country:Internal]
2026/05/28 19:26:11 INFO audit log action=FILL username=user ip=127.0.0.1 details=map[country:Internal]
2026/05/28 19:26:11 INFO audit log action=FILL username=user ip=127.0.0.1 details=map[country:Internal]
2026/05/28 19:26:11 INFO audit log action=FILL username=user ip=127.0.0.1 details=map[country:Internal]
2026/05/28 19:26:11 INFO audit log action=FILL username=user ip=127.0.0.1 details=map[country:Internal]
2026/05/28 19:26:11 INFO audit log action=FILL username=user ip=127.0.0.1 details=map[country:Internal]
2026/05/28 19:26:11 INFO audit log action=FILL username=user ip=127.0.0.1 details=map[country:Internal]
2026/05/28 19:26:11 INFO audit log action=FILL username=user ip=127.0.0.1 details=map[country:Internal]
2026/05/28 19:26:11 INFO audit log action=FILL username=user ip=127.0.0.1 details=map[country:Internal]
2026/05/28 19:26:11 INFO audit log action=FILL username=user ip=127.0.0.1 details=map[country:Internal]
2026/05/28 19:26:11 INFO audit log action=FILL username=user ip=127.0.0.1 details=map[country:Internal]
2026/05/28 19:26:11 INFO audit log action=FILL username=user ip=127.0.0.1 details=map[country:Internal]
2026/05/28 19:26:11 INFO audit log action=FILL username=user ip=127.0.0.1 details=map[country:Internal]
2026/05/28 19:26:11 INFO audit log action=FILL username=user ip=127.0.0.1 details=map[country:Internal]
2026/05/28 19:26:11 INFO audit log action=FILL username=user ip=127.0.0.1 details=map[country:Internal]
2026/05/28 19:26:11 INFO audit log action=FILL username=user ip=127.0.0.1 details=map[country:Internal]
2026/05/28 19:26:11 INFO audit log action=FILL username=user ip=127.0.0.1 details=map[country:Internal]
2026/05/28 19:26:11 INFO audit log action=FILL username=user ip=127.0.0.1 details=map[country:Internal]
2026/05/28 19:26:11 INFO audit log action=FILL username=user ip=127.0.0.1 details=map[country:Internal]
2026/05/28 19:26:11 INFO audit log action=FILL username=user ip=127.0.0.1 details=map[country:Internal]
2026/05/28 19:26:11 INFO audit log action=FILL username=user ip=127.0.0.1 details=map[country:Internal]
2026/05/28 19:26:11 INFO audit log action=FILL username=user ip=127.0.0.1 details=map[country:Internal]
2026/05/28 19:26:11 INFO audit log action=FILL username=user ip=127.0.0.1 details=map[country:Internal]
2026/05/28 19:26:11 INFO audit log action=FILL username=user ip=127.0.0.1 details=map[country:Internal]
2026/05/28 19:26:11 INFO audit log action=FILL username=user ip=127.0.0.1 details=map[country:Internal]
2026/05/28 19:26:11 INFO audit log action=FILL username=user ip=127.0.0.1 details=map[country:Internal]
2026/05/28 19:26:11 INFO audit log action=FILL username=user ip=127.0.0.1 details=map[country:Internal]
2026/05/28 19:26:11 INFO audit log action=FILL username=user ip=127.0.0.1 details=map[country:Internal]
2026/05/28 19:26:11 INFO audit log action=FILL username=user ip=127.0.0.1 details=map[country:Internal]
2026/05/28 19:26:11 INFO audit log action=FILL username=user ip=127.0.0.1 details=map[country:Internal]
2026/05/28 19:26:11 INFO audit log action=FILL username=user ip=127.0.0.1 details=map[country:Internal]
2026/05/28 19:26:11 INFO audit log action=FILL username=user ip=127.0.0.1 details=map[country:Internal]
2026/05/28 19:26:11 INFO audit log action=FILL username=user ip=127.0.0.1 details=map[country:Internal]
2026/05/28 19:26:11 INFO audit log action=FILL username=user ip=127.0.0.1 details=map[country:Internal]
2026/05/28 19:26:11 INFO audit log action=FILL username=user ip=127.0.0.1 details=map[country:Internal]
2026/05/28 19:26:11 INFO audit log action=FILL username=user ip=127.0.0.1 details=map[country:Internal]
2026/05/28 19:26:11 INFO audit log action=FILL username=user ip=127.0.0.1 details=map[country:Internal]
2026/05/28 19:26:11 INFO audit log action=FILL username=user ip=127.0.0.1 details=map[country:Internal]
2026/05/28 19:26:11 INFO audit log action=FILL username=user ip=127.0.0.1 details=map[country:Internal]
2026/05/28 19:26:11 INFO audit log action=FILL username=user ip=127.0.0.1 details=map[country:Internal]
2026/05/28 19:26:11 INFO audit log action=FILL username=user ip=127.0.0.1 details=map[country:Internal]
2026/05/28 19:26:11 INFO audit log action=FILL username=user ip=127.0.0.1 details=map[country:Internal]
2026/05/28 19:26:11 INFO audit log action=FILL username=user ip=127.0.0.1 details=map[country:Internal]
2026/05/28 19:26:11 INFO audit log action=FILL username=user ip=127.0.0.1 details=map[country:Internal]
2026/05/28 19:26:11 INFO audit log action=FILL username=user ip=127.0.0.1 details=map[country:Internal]
2026/05/28 19:26:11 INFO audit log action=FILL username=user ip=127.0.0.1 details=map[country:Internal]
2026/05/28 19:26:11 INFO audit log action=FILL username=user ip=127.0.0.1 details=map[country:Internal]
2026/05/28 19:26:11 INFO audit log action=FILL username=user ip=127.0.0.1 details=map[country:Internal]
2026/05/28 19:26:11 INFO audit log action=FILL username=user ip=127.0.0.1 details=map[country:Internal]
2026/05/28 19:26:11 INFO audit log action=FILL username=user ip=127.0.0.1 details=map[country:Internal]
2026/05/28 19:26:11 INFO audit log action=FILL username=user ip=127.0.0.1 details=map[country:Internal]
2026/05/28 19:26:11 INFO audit log action=FILL username=user ip=127.0.0.1 details=map[country:Internal]
2026/05/28 19:26:11 INFO audit log action=FILL username=user ip=127.0.0.1 details=map[country:Internal]
2026/05/28 19:26:11 INFO audit log action=FILL username=user ip=127.0.0.1 details=map[country:Internal]
2026/05/28 19:26:11 INFO audit log action=FILL username=user ip=127.0.0.1 details=map[country:Internal]
2026/05/28 19:26:11 INFO audit log action=FILL username=user ip=127.0.0.1 details=map[country:Internal]
2026/05/28 19:26:11 INFO audit log action=FILL username=user ip=127.0.0.1 details=map[country:Internal]
2026/05/28 19:26:11 INFO audit log action=FILL username=user ip=127.0.0.1 details=map[country:Internal]
2026/05/28 19:26:11 INFO audit log action=FILL username=user ip=127.0.0.1 details=map[country:Internal]
2026/05/28 19:26:11 INFO audit log action=FILL username=user ip=127.0.0.1 details=map[country:Internal]
2026/05/28 19:26:11 INFO audit log action=FILL username=user ip=127.0.0.1 details=map[country:Internal]
2026/05/28 19:26:11 INFO audit log action=FILL username=user ip=127.0.0.1 details=map[country:Internal]
2026/05/28 19:26:11 INFO audit log action=FILL username=user ip=127.0.0.1 details=map[country:Internal]
2026/05/28 19:26:11 INFO audit log action=FILL username=user ip=127.0.0.1 details=map[country:Internal]
2026/05/28 19:26:11 INFO audit log action=FILL username=user ip=127.0.0.1 details=map[country:Internal]
2026/05/28 19:26:11 INFO audit log action=FILL username=user ip=127.0.0.1 details=map[country:Internal]
2026/05/28 19:26:11 INFO audit log action=FILL username=user ip=127.0.0.1 details=map[country:Internal]
2026/05/28 19:26:11 INFO audit log action=FILL username=user ip=127.0.0.1 details=map[country:Internal]
2026/05/28 19:26:11 INFO audit log action=FILL username=user ip=127.0.0.1 details=map[country:Internal]
2026/05/28 19:26:11 INFO audit log action=FILL username=user ip=127.0.0.1 details=map[country:Internal]
2026/05/28 19:26:11 INFO audit log action=FILL username=user ip=127.0.0.1 details=map[country:Internal]
2026/05/28 19:26:11 INFO audit log action=FILL username=user ip=127.0.0.1 details=map[country:Internal]
2026/05/28 19:26:11 INFO audit log action=FILL username=user ip=127.0.0.1 details=map[country:Internal]
2026/05/28 19:26:11 INFO audit log action=FILL username=user ip=127.0.0.1 details=map[country:Internal]
2026/05/28 19:26:11 INFO audit log action=FILL username=user ip=127.0.0.1 details=map[country:Internal]
2026/05/28 19:26:11 INFO audit log action=FILL username=user ip=127.0.0.1 details=map[country:Internal]
2026/05/28 19:26:11 INFO audit log action=FILL username=user ip=127.0.0.1 details=map[country:Internal]
2026/05/28 19:26:11 INFO audit log action=FILL username=user ip=127.0.0.1 details=map[country:Internal]
2026/05/28 19:26:11 INFO audit log action=FILL username=user ip=127.0.0.1 details=map[country:Internal]
2026/05/28 19:26:11 INFO audit log action=FILL username=user ip=127.0.0.1 details=map[country:Internal]
2026/05/28 19:26:11 INFO audit log action=FILL username=user ip=127.0.0.1 details=map[country:Internal]
2026/05/28 19:26:11 INFO audit log action=FILL username=user ip=127.0.0.1 details=map[country:Internal]
2026/05/28 19:26:11 INFO audit log action=FILL username=user ip=127.0.0.1 details=map[country:Internal]
2026/05/28 19:26:11 INFO audit log action=FILL username=user ip=127.0.0.1 details=map[country:Internal]
2026/05/28 19:26:11 INFO audit log action=FILL username=user ip=127.0.0.1 details=map[country:Internal]
2026/05/28 19:26:11 INFO audit log action=FILL username=user ip=127.0.0.1 details=map[country:Internal]
2026/05/28 19:26:11 INFO audit log action=FILL username=user ip=127.0.0.1 details=map[country:Internal]
2026/05/28 19:26:11 INFO audit log action=FILL username=user ip=127.0.0.1 details=map[country:Internal]
2026/05/28 19:26:11 INFO audit log action=FILL username=user ip=127.0.0.1 details=map[country:Internal]
2026/05/28 19:26:11 INFO audit log action=FILL username=user ip=127.0.0.1 details=map[country:Internal]
2026/05/28 19:26:11 INFO audit log action=FILL username=user ip=127.0.0.1 details=map[country:Internal]
2026/05/28 19:26:11 INFO audit log action=FILL username=user ip=127.0.0.1 details=map[country:Internal]
2026/05/28 19:26:11 INFO audit log action=FILL username=user ip=127.0.0.1 details=map[country:Internal]
2026/05/28 19:26:11 INFO audit log action=FILL username=user ip=127.0.0.1 details=map[country:Internal]
2026/05/28 19:26:11 INFO audit log action=FILL username=user ip=127.0.0.1 details=map[country:Internal]
2026/05/28 19:26:11 INFO audit log action=FILL username=user ip=127.0.0.1 details=map[country:Internal]
2026/05/28 19:26:11 INFO audit log action=FILL username=user ip=127.0.0.1 details=map[country:Internal]
2026/05/28 19:26:11 INFO audit log action=FILL username=user ip=127.0.0.1 details=map[country:Internal]
2026/05/28 19:26:11 INFO audit log action=FILL username=user ip=127.0.0.1 details=map[country:Internal]
2026/05/28 19:26:11 INFO audit log action=FILL username=user ip=127.0.0.1 details=map[country:Internal]
2026/05/28 19:26:11 INFO audit log action=FILL username=user ip=127.0.0.1 details=map[country:Internal]
2026/05/28 19:26:11 INFO audit log action=FILL username=user ip=127.0.0.1 details=map[country:Internal]
2026/05/28 19:26:11 INFO audit log action=FILL username=user ip=127.0.0.1 details=map[country:Internal]
2026/05/28 19:26:11 INFO audit log action=FILL username=user ip=127.0.0.1 details=map[country:Internal]
2026/05/28 19:26:11 INFO audit log action=FILL username=user ip=127.0.0.1 details=map[country:Internal]
2026/05/28 19:26:11 INFO audit log action=FILL username=user ip=127.0.0.1 details=map[country:Internal]
2026/05/28 19:26:11 INFO audit log action=FILL username=user ip=127.0.0.1 details=map[country:Internal]
2026/05/28 19:26:11 INFO audit log action=FILL username=user ip=127.0.0.1 details=map[country:Internal]
2026/05/28 19:26:11 INFO audit log action=FILL username=user ip=127.0.0.1 details=map[country:Internal]
2026/05/28 19:26:11 INFO audit log action=FILL username=user ip=127.0.0.1 details=map[country:Internal]
2026/05/28 19:26:11 INFO audit log action=FILL username=user ip=127.0.0.1 details=map[country:Internal]
2026/05/28 19:26:11 INFO audit log action=FILL username=user ip=127.0.0.1 details=map[country:Internal]
2026/05/28 19:26:11 INFO audit log action=FILL username=user ip=127.0.0.1 details=map[country:Internal]
2026/05/28 19:26:11 INFO audit log action=FILL username=user ip=127.0.0.1 details=map[country:Internal]
2026/05/28 19:26:11 INFO audit log action=FILL username=user ip=127.0.0.1 details=map[country:Internal]
2026/05/28 19:26:11 INFO audit log action=FILL username=user ip=127.0.0.1 details=map[country:Internal]
2026/05/28 19:26:11 INFO audit log action=FILL username=user ip=127.0.0.1 details=map[country:Internal]
2026/05/28 19:26:11 INFO audit log action=FILL username=user ip=127.0.0.1 details=map[country:Internal]
2026/05/28 19:26:11 INFO audit log action=FILL username=user ip=127.0.0.1 details=map[country:Internal]
2026/05/28 19:26:11 INFO audit log action=FILL username=user ip=127.0.0.1 details=map[country:Internal]
2026/05/28 19:26:11 INFO audit log action=FILL username=user ip=127.0.0.1 details=map[country:Internal]
2026/05/28 19:26:11 INFO audit log action=FILL username=user ip=127.0.0.1 details=map[country:Internal]
2026/05/28 19:26:11 INFO audit log action=FILL username=user ip=127.0.0.1 details=map[country:Internal]
2026/05/28 19:26:11 INFO audit log action=FILL username=user ip=127.0.0.1 details=map[country:Internal]
2026/05/28 19:26:11 INFO audit log action=FILL username=user ip=127.0.0.1 details=map[country:Internal]
2026/05/28 19:26:11 INFO audit log action=FILL username=user ip=127.0.0.1 details=map[country:Internal]
2026/05/28 19:26:11 INFO audit log action=FILL username=user ip=127.0.0.1 details=map[country:Internal]
2026/05/28 19:26:11 INFO audit log action=FILL username=user ip=127.0.0.1 details=map[country:Internal]
2026/05/28 19:26:11 INFO audit log action=FILL username=user ip=127.0.0.1 details=map[country:Internal]
2026/05/28 19:26:11 INFO audit log action=FILL username=user ip=127.0.0.1 details=map[country:Internal]
2026/05/28 19:26:11 INFO audit log action=FILL username=user ip=127.0.0.1 details=map[country:Internal]
2026/05/28 19:26:11 INFO audit log action=FILL username=user ip=127.0.0.1 details=map[country:Internal]
2026/05/28 19:26:11 INFO audit log action=FILL username=user ip=127.0.0.1 details=map[country:Internal]
2026/05/28 19:26:11 INFO audit log action=FILL username=user ip=127.0.0.1 details=map[country:Internal]
2026/05/28 19:26:11 INFO audit log action=FILL username=user ip=127.0.0.1 details=map[country:Internal]
2026/05/28 19:26:11 INFO audit log action=FILL username=user ip=127.0.0.1 details=map[country:Internal]
2026/05/28 19:26:11 INFO audit log action=FILL username=user ip=127.0.0.1 details=map[country:Internal]
2026/05/28 19:26:11 INFO audit log action=FILL username=user ip=127.0.0.1 details=map[country:Internal]
2026/05/28 19:26:11 INFO audit log action=FILL username=user ip=127.0.0.1 details=map[country:Internal]
2026/05/28 19:26:11 INFO audit log action=FILL username=user ip=127.0.0.1 details=map[country:Internal]
2026/05/28 19:26:11 INFO audit log action=FILL username=user ip=127.0.0.1 details=map[country:Internal]
2026/05/28 19:26:11 INFO audit log action=FILL username=user ip=127.0.0.1 details=map[country:Internal]
2026/05/28 19:26:11 INFO audit log action=FILL username=user ip=127.0.0.1 details=map[country:Internal]
2026/05/28 19:26:11 INFO audit log action=FILL username=user ip=127.0.0.1 details=map[country:Internal]
2026/05/28 19:26:11 INFO audit log action=FILL username=user ip=127.0.0.1 details=map[country:Internal]
2026/05/28 19:26:11 INFO audit log action=FILL username=user ip=127.0.0.1 details=map[country:Internal]
2026/05/28 19:26:11 INFO audit log action=FILL username=user ip=127.0.0.1 details=map[country:Internal]
2026/05/28 19:26:11 INFO audit log action=FILL username=user ip=127.0.0.1 details=map[country:Internal]
2026/05/28 19:26:11 INFO audit log action=FILL username=user ip=127.0.0.1 details=map[country:Internal]
2026/05/28 19:26:11 INFO audit log action=FILL username=user ip=127.0.0.1 details=map[country:Internal]
2026/05/28 19:26:11 INFO audit log action=FILL username=user ip=127.0.0.1 details=map[country:Internal]
2026/05/28 19:26:11 INFO audit log action=FILL username=user ip=127.0.0.1 details=map[country:Internal]
2026/05/28 19:26:11 INFO audit log action=FILL username=user ip=127.0.0.1 details=map[country:Internal]
2026/05/28 19:26:11 INFO audit log action=FILL username=user ip=127.0.0.1 details=map[country:Internal]
2026/05/28 19:26:11 INFO audit log action=FILL username=user ip=127.0.0.1 details=map[country:Internal]
2026/05/28 19:26:11 INFO audit log action=FILL username=user ip=127.0.0.1 details=map[country:Internal]
2026/05/28 19:26:11 INFO audit log action=FILL username=user ip=127.0.0.1 details=map[country:Internal]
2026/05/28 19:26:11 INFO audit log action=FILL username=user ip=127.0.0.1 details=map[country:Internal]
2026/05/28 19:26:11 INFO audit log action=FILL username=user ip=127.0.0.1 details=map[country:Internal]
2026/05/28 19:26:11 INFO audit log action=FILL username=user ip=127.0.0.1 details=map[country:Internal]
2026/05/28 19:26:11 INFO audit log action=FILL username=user ip=127.0.0.1 details=map[country:Internal]
2026/05/28 19:26:11 INFO audit log action=FILL username=user ip=127.0.0.1 details=map[country:Internal]
2026/05/28 19:26:11 INFO audit log action=FILL username=user ip=127.0.0.1 details=map[country:Internal]
2026/05/28 19:26:11 INFO audit log action=FILL username=user ip=127.0.0.1 details=map[country:Internal]
2026/05/28 19:26:11 INFO audit log action=FILL username=user ip=127.0.0.1 details=map[country:Internal]
2026/05/28 19:26:11 INFO audit log action=FILL username=user ip=127.0.0.1 details=map[country:Internal]
2026/05/28 19:26:11 INFO audit log action=FILL username=user ip=127.0.0.1 details=map[country:Internal]
2026/05/28 19:26:11 INFO audit log action=FILL username=user ip=127.0.0.1 details=map[country:Internal]
2026/05/28 19:26:11 INFO audit log action=FILL username=user ip=127.0.0.1 details=map[country:Internal]
2026/05/28 19:26:11 INFO audit log action=FILL username=user ip=127.0.0.1 details=map[country:Internal]
2026/05/28 19:26:11 INFO audit log action=FILL username=user ip=127.0.0.1 details=map[country:Internal]
2026/05/28 19:26:11 INFO audit log action=FILL username=user ip=127.0.0.1 details=map[country:Internal]
2026/05/28 19:26:11 INFO audit log action=FILL username=user ip=127.0.0.1 details=map[country:Internal]
2026/05/28 19:26:11 INFO audit log action=FILL username=user ip=127.0.0.1 details=map[country:Internal]
2026/05/28 19:26:11 INFO audit log action=FILL username=user ip=127.0.0.1 details=map[country:Internal]
2026/05/28 19:26:11 INFO audit log action=FILL username=user ip=127.0.0.1 details=map[country:Internal]
2026/05/28 19:26:11 INFO audit log action=FILL username=user ip=127.0.0.1 details=map[country:Internal]
2026/05/28 19:26:11 INFO audit log action=FILL username=user ip=127.0.0.1 details=map[country:Internal]
2026/05/28 19:26:11 INFO audit log action=FILL username=user ip=127.0.0.1 details=map[country:Internal]
2026/05/28 19:26:11 INFO audit log action=FILL username=user ip=127.0.0.1 details=map[country:Internal]
2026/05/28 19:26:11 INFO audit log action=FILL username=user ip=127.0.0.1 details=map[country:Internal]
2026/05/28 19:26:11 INFO audit log action=FILL username=user ip=127.0.0.1 details=map[country:Internal]
2026/05/28 19:26:11 INFO audit log action=FILL username=user ip=127.0.0.1 details=map[country:Internal]
2026/05/28 19:26:11 INFO audit log action=FILL username=user ip=127.0.0.1 details=map[country:Internal]
2026/05/28 19:26:11 INFO audit log action=FILL username=user ip=127.0.0.1 details=map[country:Internal]
2026/05/28 19:26:11 INFO audit log action=FILL username=user ip=127.0.0.1 details=map[country:Internal]
2026/05/28 19:26:11 INFO audit log action=FILL username=user ip=127.0.0.1 details=map[country:Internal]
2026/05/28 19:26:11 INFO audit log action=FILL username=user ip=127.0.0.1 details=map[country:Internal]
2026/05/28 19:26:11 INFO audit log action=FILL username=user ip=127.0.0.1 details=map[country:Internal]
2026/05/28 19:26:11 INFO audit log action=FILL username=user ip=127.0.0.1 details=map[country:Internal]
2026/05/28 19:26:11 INFO audit log action=FILL username=user ip=127.0.0.1 details=map[country:Internal]
2026/05/28 19:26:11 INFO audit log action=FILL username=user ip=127.0.0.1 details=map[country:Internal]
2026/05/28 19:26:11 INFO audit log action=FILL username=user ip=127.0.0.1 details=map[country:Internal]
2026/05/28 19:26:11 INFO audit log action=FILL username=user ip=127.0.0.1 details=map[country:Internal]
2026/05/28 19:26:11 INFO audit log action=FILL username=user ip=127.0.0.1 details=map[country:Internal]
2026/05/28 19:26:11 INFO audit log action=FILL username=user ip=127.0.0.1 details=map[country:Internal]
2026/05/28 19:26:11 INFO audit log action=FILL username=user ip=127.0.0.1 details=map[country:Internal]
2026/05/28 19:26:11 INFO audit log action=FILL username=user ip=127.0.0.1 details=map[country:Internal]
2026/05/28 19:26:11 INFO audit log action=FILL username=user ip=127.0.0.1 details=map[country:Internal]
2026/05/28 19:26:11 INFO audit log action=FILL username=user ip=127.0.0.1 details=map[country:Internal]
2026/05/28 19:26:11 INFO audit log action=FILL username=user ip=127.0.0.1 details=map[country:Internal]
2026/05/28 19:26:11 INFO audit log action=FILL username=user ip=127.0.0.1 details=map[country:Internal]
2026/05/28 19:26:11 INFO audit log action=FILL username=user ip=127.0.0.1 details=map[country:Internal]
2026/05/28 19:26:11 INFO audit log action=FILL username=user ip=127.0.0.1 details=map[country:Internal]
2026/05/28 19:26:11 INFO audit log action=FILL username=user ip=127.0.0.1 details=map[country:Internal]
2026/05/28 19:26:11 INFO audit log action=FILL username=user ip=127.0.0.1 details=map[country:Internal]
2026/05/28 19:26:11 INFO audit log action=FILL username=user ip=127.0.0.1 details=map[country:Internal]
2026/05/28 19:26:11 INFO audit log action=FILL username=user ip=127.0.0.1 details=map[country:Internal]
2026/05/28 19:26:11 INFO audit log action=FILL username=user ip=127.0.0.1 details=map[country:Internal]
2026/05/28 19:26:11 INFO audit log action=FILL username=user ip=127.0.0.1 details=map[country:Internal]
2026/05/28 19:26:11 INFO audit log action=FILL username=user ip=127.0.0.1 details=map[country:Internal]
2026/05/28 19:26:11 INFO audit log action=FILL username=user ip=127.0.0.1 details=map[country:Internal]
2026/05/28 19:26:11 INFO audit log action=FILL username=user ip=127.0.0.1 details=map[country:Internal]
2026/05/28 19:26:11 INFO audit log action=FILL username=user ip=127.0.0.1 details=map[country:Internal]
2026/05/28 19:26:11 INFO audit log action=FILL username=user ip=127.0.0.1 details=map[country:Internal]
2026/05/28 19:26:11 INFO audit log action=FILL username=user ip=127.0.0.1 details=map[country:Internal]
2026/05/28 19:26:11 INFO audit log action=FILL username=user ip=127.0.0.1 details=map[country:Internal]
2026/05/28 19:26:11 INFO audit log action=FILL username=user ip=127.0.0.1 details=map[country:Internal]
2026/05/28 19:26:11 INFO audit log action=FILL username=user ip=127.0.0.1 details=map[country:Internal]
2026/05/28 19:26:11 INFO audit log action=FILL username=user ip=127.0.0.1 details=map[country:Internal]
2026/05/28 19:26:11 INFO audit log action=FILL username=user ip=127.0.0.1 details=map[country:Internal]
2026/05/28 19:26:11 INFO audit log action=FILL username=user ip=127.0.0.1 details=map[country:Internal]
2026/05/28 19:26:11 INFO audit log action=FILL username=user ip=127.0.0.1 details=map[country:Internal]
2026/05/28 19:26:11 INFO audit log action=FILL username=user ip=127.0.0.1 details=map[country:Internal]
2026/05/28 19:26:11 INFO audit log action=FILL username=user ip=127.0.0.1 details=map[country:Internal]
2026/05/28 19:26:11 INFO audit log action=FILL username=user ip=127.0.0.1 details=map[country:Internal]
2026/05/28 19:26:11 INFO audit log action=FILL username=user ip=127.0.0.1 details=map[country:Internal]
2026/05/28 19:26:11 INFO audit log action=FILL username=user ip=127.0.0.1 details=map[country:Internal]
2026/05/28 19:26:11 INFO audit log action=FILL username=user ip=127.0.0.1 details=map[country:Internal]
2026/05/28 19:26:11 INFO audit log action=FILL username=user ip=127.0.0.1 details=map[country:Internal]
2026/05/28 19:26:11 INFO audit log action=FILL username=user ip=127.0.0.1 details=map[country:Internal]
2026/05/28 19:26:11 INFO audit log action=FILL username=user ip=127.0.0.1 details=map[country:Internal]
2026/05/28 19:26:11 INFO audit log action=FILL username=user ip=127.0.0.1 details=map[country:Internal]
2026/05/28 19:26:11 INFO audit log action=FILL username=user ip=127.0.0.1 details=map[country:Internal]
2026/05/28 19:26:11 INFO audit log action=FILL username=user ip=127.0.0.1 details=map[country:Internal]
2026/05/28 19:26:11 INFO audit log action=FILL username=user ip=127.0.0.1 details=map[country:Internal]
2026/05/28 19:26:11 INFO audit log action=FILL username=user ip=127.0.0.1 details=map[country:Internal]
2026/05/28 19:26:11 INFO audit log action=FILL username=user ip=127.0.0.1 details=map[country:Internal]
2026/05/28 19:26:11 INFO audit log action=FILL username=user ip=127.0.0.1 details=map[country:Internal]
2026/05/28 19:26:11 INFO audit log action=FILL username=user ip=127.0.0.1 details=map[country:Internal]
2026/05/28 19:26:11 INFO audit log action=FILL username=user ip=127.0.0.1 details=map[country:Internal]
2026/05/28 19:26:11 INFO audit log action=FILL username=user ip=127.0.0.1 details=map[country:Internal]
2026/05/28 19:26:11 INFO audit log action=FILL username=user ip=127.0.0.1 details=map[country:Internal]
2026/05/28 19:26:11 INFO audit log action=FILL username=user ip=127.0.0.1 details=map[country:Internal]
2026/05/28 19:26:11 INFO audit log action=FILL username=user ip=127.0.0.1 details=map[country:Internal]
2026/05/28 19:26:11 INFO audit log action=FILL username=user ip=127.0.0.1 details=map[country:Internal]
2026/05/28 19:26:11 INFO audit log action=FILL username=user ip=127.0.0.1 details=map[country:Internal]
2026/05/28 19:26:11 INFO audit log action=FILL username=user ip=127.0.0.1 details=map[country:Internal]
2026/05/28 19:26:11 INFO audit log action=FILL username=user ip=127.0.0.1 details=map[country:Internal]
2026/05/28 19:26:11 INFO audit log action=FILL username=user ip=127.0.0.1 details=map[country:Internal]
2026/05/28 19:26:11 INFO audit log action=FILL username=user ip=127.0.0.1 details=map[country:Internal]
2026/05/28 19:26:11 INFO audit log action=FILL username=user ip=127.0.0.1 details=map[country:Internal]
2026/05/28 19:26:11 INFO audit log action=FILL username=user ip=127.0.0.1 details=map[country:Internal]
2026/05/28 19:26:11 INFO audit log action=FILL username=user ip=127.0.0.1 details=map[country:Internal]
2026/05/28 19:26:11 INFO audit log action=FILL username=user ip=127.0.0.1 details=map[country:Internal]
2026/05/28 19:26:11 INFO audit log action=FILL username=user ip=127.0.0.1 details=map[country:Internal]
2026/05/28 19:26:11 INFO audit log action=FILL username=user ip=127.0.0.1 details=map[country:Internal]
2026/05/28 19:26:11 INFO audit log action=FILL username=user ip=127.0.0.1 details=map[country:Internal]
2026/05/28 19:26:11 INFO audit log action=FILL username=user ip=127.0.0.1 details=map[country:Internal]
2026/05/28 19:26:11 INFO audit log action=FILL username=user ip=127.0.0.1 details=map[country:Internal]
2026/05/28 19:26:11 INFO audit log action=FILL username=user ip=127.0.0.1 details=map[country:Internal]
2026/05/28 19:26:11 INFO audit log action=FILL username=user ip=127.0.0.1 details=map[country:Internal]
2026/05/28 19:26:11 INFO audit log action=FILL username=user ip=127.0.0.1 details=map[country:Internal]
2026/05/28 19:26:11 INFO audit log action=FILL username=user ip=127.0.0.1 details=map[country:Internal]
2026/05/28 19:26:11 INFO audit log action=FILL username=user ip=127.0.0.1 details=map[country:Internal]
2026/05/28 19:26:11 INFO audit log action=FILL username=user ip=127.0.0.1 details=map[country:Internal]
2026/05/28 19:26:11 INFO audit log action=FILL username=user ip=127.0.0.1 details=map[country:Internal]
2026/05/28 19:26:11 INFO audit log action=FILL username=user ip=127.0.0.1 details=map[country:Internal]
2026/05/28 19:26:11 INFO audit log action=FILL username=user ip=127.0.0.1 details=map[country:Internal]
2026/05/28 19:26:11 INFO audit log action=FILL username=user ip=127.0.0.1 details=map[country:Internal]
2026/05/28 19:26:11 INFO audit log action=FILL username=user ip=127.0.0.1 details=map[country:Internal]
2026/05/28 19:26:11 INFO audit log action=FILL username=user ip=127.0.0.1 details=map[country:Internal]
2026/05/28 19:26:11 INFO audit log action=FILL username=user ip=127.0.0.1 details=map[country:Internal]
2026/05/28 19:26:11 INFO audit log action=FILL username=user ip=127.0.0.1 details=map[country:Internal]
2026/05/28 19:26:11 INFO audit log action=FILL username=user ip=127.0.0.1 details=map[country:Internal]
2026/05/28 19:26:11 INFO audit log action=FILL username=user ip=127.0.0.1 details=map[country:Internal]
2026/05/28 19:26:11 INFO audit log action=FILL username=user ip=127.0.0.1 details=map[country:Internal]
2026/05/28 19:26:11 INFO audit log action=FILL username=user ip=127.0.0.1 details=map[country:Internal]
2026/05/28 19:26:11 INFO audit log action=FILL username=user ip=127.0.0.1 details=map[country:Internal]
2026/05/28 19:26:11 INFO audit log action=FILL username=user ip=127.0.0.1 details=map[country:Internal]
2026/05/28 19:26:11 INFO audit log action=FILL username=user ip=127.0.0.1 details=map[country:Internal]
2026/05/28 19:26:11 INFO audit log action=FILL username=user ip=127.0.0.1 details=map[country:Internal]
2026/05/28 19:26:11 INFO audit log action=FILL username=user ip=127.0.0.1 details=map[country:Internal]
2026/05/28 19:26:11 INFO audit log action=FILL username=user ip=127.0.0.1 details=map[country:Internal]
2026/05/28 19:26:11 INFO audit log action=FILL username=user ip=127.0.0.1 details=map[country:Internal]
2026/05/28 19:26:11 INFO audit log action=FILL username=user ip=127.0.0.1 details=map[country:Internal]
2026/05/28 19:26:11 INFO audit log action=FILL username=user ip=127.0.0.1 details=map[country:Internal]
2026/05/28 19:26:11 INFO audit log action=FILL username=user ip=127.0.0.1 details=map[country:Internal]
2026/05/28 19:26:11 INFO audit log action=FILL username=user ip=127.0.0.1 details=map[country:Internal]
2026/05/28 19:26:11 INFO audit log action=FILL username=user ip=127.0.0.1 details=map[country:Internal]
2026/05/28 19:26:11 INFO audit log action=FILL username=user ip=127.0.0.1 details=map[country:Internal]
2026/05/28 19:26:11 INFO audit log action=FILL username=user ip=127.0.0.1 details=map[country:Internal]
2026/05/28 19:26:11 INFO audit log action=FILL username=user ip=127.0.0.1 details=map[country:Internal]
2026/05/28 19:26:11 INFO audit log action=FILL username=user ip=127.0.0.1 details=map[country:Internal]
2026/05/28 19:26:11 INFO audit log action=FILL username=user ip=127.0.0.1 details=map[country:Internal]
2026/05/28 19:26:11 INFO audit log action=FILL username=user ip=127.0.0.1 details=map[country:Internal]
2026/05/28 19:26:11 INFO audit log action=FILL username=user ip=127.0.0.1 details=map[country:Internal]
2026/05/28 19:26:11 INFO audit log action=FILL username=user ip=127.0.0.1 details=map[country:Internal]
2026/05/28 19:26:11 INFO audit log action=FILL username=user ip=127.0.0.1 details=map[country:Internal]
2026/05/28 19:26:11 INFO audit log action=FILL username=user ip=127.0.0.1 details=map[country:Internal]
2026/05/28 19:26:11 INFO audit log action=FILL username=user ip=127.0.0.1 details=map[country:Internal]
2026/05/28 19:26:11 INFO audit log action=FILL username=user ip=127.0.0.1 details=map[country:Internal]
2026/05/28 19:26:11 INFO audit log action=FILL username=user ip=127.0.0.1 details=map[country:Internal]
2026/05/28 19:26:11 INFO audit log action=FILL username=user ip=127.0.0.1 details=map[country:Internal]
2026/05/28 19:26:11 INFO audit log action=FILL username=user ip=127.0.0.1 details=map[country:Internal]
2026/05/28 19:26:11 INFO audit log action=FILL username=user ip=127.0.0.1 details=map[country:Internal]
2026/05/28 19:26:11 INFO audit log action=FILL username=user ip=127.0.0.1 details=map[country:Internal]
2026/05/28 19:26:11 INFO audit log action=FILL username=user ip=127.0.0.1 details=map[country:Internal]
2026/05/28 19:26:11 INFO audit log action=FILL username=user ip=127.0.0.1 details=map[country:Internal]
2026/05/28 19:26:11 INFO audit log action=FILL username=user ip=127.0.0.1 details=map[country:Internal]
2026/05/28 19:26:11 INFO audit log action=FILL username=user ip=127.0.0.1 details=map[country:Internal]
2026/05/28 19:26:11 INFO audit log action=FILL username=user ip=127.0.0.1 details=map[country:Internal]
2026/05/28 19:26:11 INFO audit log action=FILL username=user ip=127.0.0.1 details=map[country:Internal]
2026/05/28 19:26:11 INFO audit log action=FILL username=user ip=127.0.0.1 details=map[country:Internal]
2026/05/28 19:26:11 INFO audit log action=FILL username=user ip=127.0.0.1 details=map[country:Internal]
2026/05/28 19:26:11 INFO audit log action=FILL username=user ip=127.0.0.1 details=map[country:Internal]
2026/05/28 19:26:11 INFO audit log action=FILL username=user ip=127.0.0.1 details=map[country:Internal]
2026/05/28 19:26:11 INFO audit log action=FILL username=user ip=127.0.0.1 details=map[country:Internal]
2026/05/28 19:26:11 INFO audit log action=FILL username=user ip=127.0.0.1 details=map[country:Internal]
2026/05/28 19:26:11 INFO audit log action=FILL username=user ip=127.0.0.1 details=map[country:Internal]
2026/05/28 19:26:11 INFO audit log action=FILL username=user ip=127.0.0.1 details=map[country:Internal]
2026/05/28 19:26:11 INFO audit log action=FILL username=user ip=127.0.0.1 details=map[country:Internal]
2026/05/28 19:26:11 INFO audit log action=FILL username=user ip=127.0.0.1 details=map[country:Internal]
2026/05/28 19:26:11 INFO audit log action=FILL username=user ip=127.0.0.1 details=map[country:Internal]
2026/05/28 19:26:11 INFO audit log action=FILL username=user ip=127.0.0.1 details=map[country:Internal]
2026/05/28 19:26:11 INFO audit log action=FILL username=user ip=127.0.0.1 details=map[country:Internal]
2026/05/28 19:26:11 INFO audit log action=FILL username=user ip=127.0.0.1 details=map[country:Internal]
2026/05/28 19:26:11 INFO audit log action=FILL username=user ip=127.0.0.1 details=map[country:Internal]
2026/05/28 19:26:11 INFO audit log action=FILL username=user ip=127.0.0.1 details=map[country:Internal]
2026/05/28 19:26:11 INFO audit log action=FILL username=user ip=127.0.0.1 details=map[country:Internal]
2026/05/28 19:26:11 INFO audit log action=FILL username=user ip=127.0.0.1 details=map[country:Internal]
2026/05/28 19:26:11 INFO audit log action=FILL username=user ip=127.0.0.1 details=map[country:Internal]
2026/05/28 19:26:11 INFO audit log action=FILL username=user ip=127.0.0.1 details=map[country:Internal]
2026/05/28 19:26:11 INFO audit log action=FILL username=user ip=127.0.0.1 details=map[country:Internal]
2026/05/28 19:26:11 INFO audit log action=FILL username=user ip=127.0.0.1 details=map[country:Internal]
2026/05/28 19:26:11 INFO audit log action=FILL username=user ip=127.0.0.1 details=map[country:Internal]
2026/05/28 19:26:11 INFO audit log action=FILL username=user ip=127.0.0.1 details=map[country:Internal]
2026/05/28 19:26:11 INFO audit log action=FILL username=user ip=127.0.0.1 details=map[country:Internal]
2026/05/28 19:26:11 INFO audit log action=FILL username=user ip=127.0.0.1 details=map[country:Internal]
2026/05/28 19:26:11 INFO audit log action=FILL username=user ip=127.0.0.1 details=map[country:Internal]
2026/05/28 19:26:11 INFO audit log action=FILL username=user ip=127.0.0.1 details=map[country:Internal]
2026/05/28 19:26:11 INFO audit log action=FILL username=user ip=127.0.0.1 details=map[country:Internal]
2026/05/28 19:26:11 INFO audit log action=FILL username=user ip=127.0.0.1 details=map[country:Internal]
2026/05/28 19:26:11 INFO audit log action=FILL username=user ip=127.0.0.1 details=map[country:Internal]
2026/05/28 19:26:11 INFO audit log action=FILL username=user ip=127.0.0.1 details=map[country:Internal]
2026/05/28 19:26:11 INFO audit log action=FILL username=user ip=127.0.0.1 details=map[country:Internal]
2026/05/28 19:26:11 INFO audit log action=FILL username=user ip=127.0.0.1 details=map[country:Internal]
2026/05/28 19:26:11 INFO audit log action=FILL username=user ip=127.0.0.1 details=map[country:Internal]
2026/05/28 19:26:11 INFO audit log action=FILL username=user ip=127.0.0.1 details=map[country:Internal]
2026/05/28 19:26:11 INFO audit log action=FILL username=user ip=127.0.0.1 details=map[country:Internal]
2026/05/28 19:26:11 INFO audit log action=FILL username=user ip=127.0.0.1 details=map[country:Internal]
2026/05/28 19:26:11 INFO audit log action=FILL username=user ip=127.0.0.1 details=map[country:Internal]
2026/05/28 19:26:11 INFO audit log action=FILL username=user ip=127.0.0.1 details=map[country:Internal]
2026/05/28 19:26:11 INFO audit log action=FILL username=user ip=127.0.0.1 details=map[country:Internal]
2026/05/28 19:26:11 INFO audit log action=FILL username=user ip=127.0.0.1 details=map[country:Internal]
2026/05/28 19:26:11 INFO audit log action=FILL username=user ip=127.0.0.1 details=map[country:Internal]
2026/05/28 19:26:11 INFO audit log action=FILL username=user ip=127.0.0.1 details=map[country:Internal]
2026/05/28 19:26:11 INFO audit log action=FILL username=user ip=127.0.0.1 details=map[country:Internal]
2026/05/28 19:26:11 INFO audit log action=FILL username=user ip=127.0.0.1 details=map[country:Internal]
2026/05/28 19:26:11 INFO audit log action=FILL username=user ip=127.0.0.1 details=map[country:Internal]
2026/05/28 19:26:11 INFO audit log action=FILL username=user ip=127.0.0.1 details=map[country:Internal]
2026/05/28 19:26:11 INFO audit log action=FILL username=user ip=127.0.0.1 details=map[country:Internal]
2026/05/28 19:26:11 INFO audit log action=FILL username=user ip=127.0.0.1 details=map[country:Internal]
2026/05/28 19:26:11 INFO audit log action=FILL username=user ip=127.0.0.1 details=map[country:Internal]
2026/05/28 19:26:11 INFO audit log action=FILL username=user ip=127.0.0.1 details=map[country:Internal]
2026/05/28 19:26:11 INFO audit log action=FILL username=user ip=127.0.0.1 details=map[country:Internal]
2026/05/28 19:26:11 INFO audit log action=FILL username=user ip=127.0.0.1 details=map[country:Internal]
2026/05/28 19:26:11 INFO audit log action=FILL username=user ip=127.0.0.1 details=map[country:Internal]
2026/05/28 19:26:11 INFO audit log action=FILL username=user ip=127.0.0.1 details=map[country:Internal]
2026/05/28 19:26:11 INFO audit log action=FILL username=user ip=127.0.0.1 details=map[country:Internal]
2026/05/28 19:26:11 INFO audit log action=FILL username=user ip=127.0.0.1 details=map[country:Internal]
2026/05/28 19:26:11 INFO audit log action=FILL username=user ip=127.0.0.1 details=map[country:Internal]
2026/05/28 19:26:11 INFO audit log action=FILL username=user ip=127.0.0.1 details=map[country:Internal]
2026/05/28 19:26:11 INFO audit log action=FILL username=user ip=127.0.0.1 details=map[country:Internal]
2026/05/28 19:26:11 INFO audit log action=FILL username=user ip=127.0.0.1 details=map[country:Internal]
2026/05/28 19:26:11 INFO audit log action=FILL username=user ip=127.0.0.1 details=map[country:Internal]
2026/05/28 19:26:11 INFO audit log action=FILL username=user ip=127.0.0.1 details=map[country:Internal]
2026/05/28 19:26:11 INFO audit log action=FILL username=user ip=127.0.0.1 details=map[country:Internal]
2026/05/28 19:26:11 INFO audit log action=FILL username=user ip=127.0.0.1 details=map[country:Internal]
2026/05/28 19:26:11 INFO audit log action=FILL username=user ip=127.0.0.1 details=map[country:Internal]
2026/05/28 19:26:11 INFO audit log action=FILL username=user ip=127.0.0.1 details=map[country:Internal]
2026/05/28 19:26:11 INFO audit log action=FILL username=user ip=127.0.0.1 details=map[country:Internal]
2026/05/28 19:26:11 INFO audit log action=FILL username=user ip=127.0.0.1 details=map[country:Internal]
2026/05/28 19:26:11 INFO audit log action=FILL username=user ip=127.0.0.1 details=map[country:Internal]
2026/05/28 19:26:11 INFO audit log action=FILL username=user ip=127.0.0.1 details=map[country:Internal]
2026/05/28 19:26:11 INFO audit log action=FILL username=user ip=127.0.0.1 details=map[country:Internal]
2026/05/28 19:26:11 INFO audit log action=FILL username=user ip=127.0.0.1 details=map[country:Internal]
2026/05/28 19:26:11 INFO audit log action=FILL username=user ip=127.0.0.1 details=map[country:Internal]
2026/05/28 19:26:11 INFO audit log action=FILL username=user ip=127.0.0.1 details=map[country:Internal]
2026/05/28 19:26:11 INFO audit log action=FILL username=user ip=127.0.0.1 details=map[country:Internal]
2026/05/28 19:26:11 INFO audit log action=FILL username=user ip=127.0.0.1 details=map[country:Internal]
2026/05/28 19:26:11 INFO audit log action=FILL username=user ip=127.0.0.1 details=map[country:Internal]
2026/05/28 19:26:11 INFO audit log action=FILL username=user ip=127.0.0.1 details=map[country:Internal]
2026/05/28 19:26:11 INFO audit log action=FILL username=user ip=127.0.0.1 details=map[country:Internal]
2026/05/28 19:26:11 INFO audit log action=FILL username=user ip=127.0.0.1 details=map[country:Internal]
2026/05/28 19:26:11 INFO audit log action=FILL username=user ip=127.0.0.1 details=map[country:Internal]
2026/05/28 19:26:11 INFO audit log action=FILL username=user ip=127.0.0.1 details=map[country:Internal]
2026/05/28 19:26:11 INFO audit log action=FILL username=user ip=127.0.0.1 details=map[country:Internal]
2026/05/28 19:26:11 INFO audit log action=FILL username=user ip=127.0.0.1 details=map[country:Internal]
2026/05/28 19:26:11 INFO audit log action=FILL username=user ip=127.0.0.1 details=map[country:Internal]
2026/05/28 19:26:11 INFO audit log action=FILL username=user ip=127.0.0.1 details=map[country:Internal]
2026/05/28 19:26:11 INFO audit log action=FILL username=user ip=127.0.0.1 details=map[country:Internal]
2026/05/28 19:26:11 INFO audit log action=FILL username=user ip=127.0.0.1 details=map[country:Internal]
2026/05/28 19:26:11 INFO audit log action=FILL username=user ip=127.0.0.1 details=map[country:Internal]
2026/05/28 19:26:11 INFO audit log action=FILL username=user ip=127.0.0.1 details=map[country:Internal]
2026/05/28 19:26:11 INFO audit log action=FILL username=user ip=127.0.0.1 details=map[country:Internal]
2026/05/28 19:26:11 INFO audit log action=FILL username=user ip=127.0.0.1 details=map[country:Internal]
2026/05/28 19:26:11 INFO audit log action=FILL username=user ip=127.0.0.1 details=map[country:Internal]
2026/05/28 19:26:11 INFO audit log action=FILL username=user ip=127.0.0.1 details=map[country:Internal]
2026/05/28 19:26:11 INFO audit log action=FILL username=user ip=127.0.0.1 details=map[country:Internal]
2026/05/28 19:26:11 INFO audit log action=FILL username=user ip=127.0.0.1 details=map[country:Internal]
2026/05/28 19:26:11 INFO audit log action=FILL username=user ip=127.0.0.1 details=map[country:Internal]
2026/05/28 19:26:11 INFO audit log action=FILL username=user ip=127.0.0.1 details=map[country:Internal]
2026/05/28 19:26:11 INFO audit log action=FILL username=user ip=127.0.0.1 details=map[country:Internal]
2026/05/28 19:26:11 INFO audit log action=FILL username=user ip=127.0.0.1 details=map[country:Internal]
2026/05/28 19:26:11 INFO audit log action=FILL username=user ip=127.0.0.1 details=map[country:Internal]
2026/05/28 19:26:11 INFO audit log action=FILL username=user ip=127.0.0.1 details=map[country:Internal]
2026/05/28 19:26:11 INFO audit log action=FILL username=user ip=127.0.0.1 details=map[country:Internal]
2026/05/28 19:26:11 INFO audit log action=FILL username=user ip=127.0.0.1 details=map[country:Internal]
2026/05/28 19:26:11 INFO audit log action=FILL username=user ip=127.0.0.1 details=map[country:Internal]
2026/05/28 19:26:11 INFO audit log action=FILL username=user ip=127.0.0.1 details=map[country:Internal]
2026/05/28 19:26:11 INFO audit log action=FILL username=user ip=127.0.0.1 details=map[country:Internal]
2026/05/28 19:26:11 INFO audit log action=FILL username=user ip=127.0.0.1 details=map[country:Internal]
2026/05/28 19:26:11 INFO audit log action=FILL username=user ip=127.0.0.1 details=map[country:Internal]
2026/05/28 19:26:11 INFO audit log action=FILL username=user ip=127.0.0.1 details=map[country:Internal]
2026/05/28 19:26:11 INFO audit log action=FILL username=user ip=127.0.0.1 details=map[country:Internal]
2026/05/28 19:26:11 INFO audit log action=FILL username=user ip=127.0.0.1 details=map[country:Internal]
2026/05/28 19:26:11 INFO audit log action=FILL username=user ip=127.0.0.1 details=map[country:Internal]
2026/05/28 19:26:11 INFO audit log action=FILL username=user ip=127.0.0.1 details=map[country:Internal]
2026/05/28 19:26:11 INFO audit log action=FILL username=user ip=127.0.0.1 details=map[country:Internal]
2026/05/28 19:26:11 INFO audit log action=FILL username=user ip=127.0.0.1 details=map[country:Internal]
2026/05/28 19:26:11 INFO audit log action=FILL username=user ip=127.0.0.1 details=map[country:Internal]
2026/05/28 19:26:11 INFO audit log action=FILL username=user ip=127.0.0.1 details=map[country:Internal]
2026/05/28 19:26:11 INFO audit log action=FILL username=user ip=127.0.0.1 details=map[country:Internal]
2026/05/28 19:26:11 INFO audit log action=FILL username=user ip=127.0.0.1 details=map[country:Internal]
2026/05/28 19:26:11 INFO audit log action=FILL username=user ip=127.0.0.1 details=map[country:Internal]
2026/05/28 19:26:11 INFO audit log action=FILL username=user ip=127.0.0.1 details=map[country:Internal]
2026/05/28 19:26:11 INFO audit log action=FILL username=user ip=127.0.0.1 details=map[country:Internal]
2026/05/28 19:26:11 INFO audit log action=FILL username=user ip=127.0.0.1 details=map[country:Internal]
2026/05/28 19:26:11 INFO audit log action=FILL username=user ip=127.0.0.1 details=map[country:Internal]
2026/05/28 19:26:11 INFO audit log action=FILL username=user ip=127.0.0.1 details=map[country:Internal]
2026/05/28 19:26:11 INFO audit log action=FILL username=user ip=127.0.0.1 details=map[country:Internal]
2026/05/28 19:26:11 INFO audit log action=FILL username=user ip=127.0.0.1 details=map[country:Internal]
2026/05/28 19:26:11 INFO audit log action=FILL username=user ip=127.0.0.1 details=map[country:Internal]
2026/05/28 19:26:11 INFO audit log action=FILL username=user ip=127.0.0.1 details=map[country:Internal]
2026/05/28 19:26:11 INFO audit log action=FILL username=user ip=127.0.0.1 details=map[country:Internal]
2026/05/28 19:26:11 INFO audit log action=FILL username=user ip=127.0.0.1 details=map[country:Internal]
2026/05/28 19:26:11 INFO audit log action=FILL username=user ip=127.0.0.1 details=map[country:Internal]
2026/05/28 19:26:11 INFO audit log action=FILL username=user ip=127.0.0.1 details=map[country:Internal]
2026/05/28 19:26:11 INFO audit log action=FILL username=user ip=127.0.0.1 details=map[country:Internal]
2026/05/28 19:26:11 INFO audit log action=FILL username=user ip=127.0.0.1 details=map[country:Internal]
2026/05/28 19:26:11 INFO audit log action=FILL username=user ip=127.0.0.1 details=map[country:Internal]
2026/05/28 19:26:11 INFO audit log action=FILL username=user ip=127.0.0.1 details=map[country:Internal]
2026/05/28 19:26:11 INFO audit log action=FILL username=user ip=127.0.0.1 details=map[country:Internal]
2026/05/28 19:26:11 INFO audit log action=FILL username=user ip=127.0.0.1 details=map[country:Internal]
2026/05/28 19:26:11 INFO audit log action=FILL username=user ip=127.0.0.1 details=map[country:Internal]
2026/05/28 19:26:11 INFO audit log action=FILL username=user ip=127.0.0.1 details=map[country:Internal]
2026/05/28 19:26:11 INFO audit log action=FILL username=user ip=127.0.0.1 details=map[country:Internal]
2026/05/28 19:26:11 INFO audit log action=FILL username=user ip=127.0.0.1 details=map[country:Internal]
2026/05/28 19:26:11 INFO audit log action=FILL username=user ip=127.0.0.1 details=map[country:Internal]
2026/05/28 19:26:11 INFO audit log action=FILL username=user ip=127.0.0.1 details=map[country:Internal]
2026/05/28 19:26:11 INFO audit log action=FILL username=user ip=127.0.0.1 details=map[country:Internal]
2026/05/28 19:26:11 INFO audit log action=FILL username=user ip=127.0.0.1 details=map[country:Internal]
2026/05/28 19:26:11 INFO audit log action=FILL username=user ip=127.0.0.1 details=map[country:Internal]
2026/05/28 19:26:11 INFO audit log action=FILL username=user ip=127.0.0.1 details=map[country:Internal]
2026/05/28 19:26:11 INFO audit log action=FILL username=user ip=127.0.0.1 details=map[country:Internal]
2026/05/28 19:26:11 INFO audit log action=FILL username=user ip=127.0.0.1 details=map[country:Internal]
2026/05/28 19:26:11 INFO audit log action=FILL username=user ip=127.0.0.1 details=map[country:Internal]
2026/05/28 19:26:11 INFO audit log action=FILL username=user ip=127.0.0.1 details=map[country:Internal]
2026/05/28 19:26:11 INFO audit log action=FILL username=user ip=127.0.0.1 details=map[country:Internal]
2026/05/28 19:26:11 INFO audit log action=FILL username=user ip=127.0.0.1 details=map[country:Internal]
2026/05/28 19:26:11 INFO audit log action=FILL username=user ip=127.0.0.1 details=map[country:Internal]
2026/05/28 19:26:11 INFO audit log action=FILL username=user ip=127.0.0.1 details=map[country:Internal]
2026/05/28 19:26:11 INFO audit log action=FILL username=user ip=127.0.0.1 details=map[country:Internal]
2026/05/28 19:26:11 INFO audit log action=FILL username=user ip=127.0.0.1 details=map[country:Internal]
2026/05/28 19:26:11 INFO audit log action=FILL username=user ip=127.0.0.1 details=map[country:Internal]
2026/05/28 19:26:11 INFO audit log action=FILL username=user ip=127.0.0.1 details=map[country:Internal]
2026/05/28 19:26:11 INFO audit log action=FILL username=user ip=127.0.0.1 details=map[country:Internal]
2026/05/28 19:26:11 INFO audit log action=FILL username=user ip=127.0.0.1 details=map[country:Internal]
2026/05/28 19:26:11 INFO audit log action=FILL username=user ip=127.0.0.1 details=map[country:Internal]
2026/05/28 19:26:11 INFO audit log action=FILL username=user ip=127.0.0.1 details=map[country:Internal]
2026/05/28 19:26:11 INFO audit log action=FILL username=user ip=127.0.0.1 details=map[country:Internal]
2026/05/28 19:26:11 INFO audit log action=FILL username=user ip=127.0.0.1 details=map[country:Internal]
2026/05/28 19:26:11 INFO audit log action=FILL username=user ip=127.0.0.1 details=map[country:Internal]
2026/05/28 19:26:11 INFO audit log action=FILL username=user ip=127.0.0.1 details=map[country:Internal]
2026/05/28 19:26:11 INFO audit log action=FILL username=user ip=127.0.0.1 details=map[country:Internal]
2026/05/28 19:26:11 INFO audit log action=FILL username=user ip=127.0.0.1 details=map[country:Internal]
2026/05/28 19:26:11 INFO audit log action=FILL username=user ip=127.0.0.1 details=map[country:Internal]
2026/05/28 19:26:11 INFO audit log action=FILL username=user ip=127.0.0.1 details=map[country:Internal]
2026/05/28 19:26:11 INFO audit log action=FILL username=user ip=127.0.0.1 details=map[country:Internal]
2026/05/28 19:26:11 INFO audit log action=FILL username=user ip=127.0.0.1 details=map[country:Internal]
2026/05/28 19:26:11 INFO audit log action=FILL username=user ip=127.0.0.1 details=map[country:Internal]
2026/05/28 19:26:11 INFO audit log action=FILL username=user ip=127.0.0.1 details=map[country:Internal]
2026/05/28 19:26:11 INFO audit log action=FILL username=user ip=127.0.0.1 details=map[country:Internal]
2026/05/28 19:26:11 INFO audit log action=FILL username=user ip=127.0.0.1 details=map[country:Internal]
2026/05/28 19:26:11 INFO audit log action=FILL username=user ip=127.0.0.1 details=map[country:Internal]
2026/05/28 19:26:11 INFO audit log action=FILL username=user ip=127.0.0.1 details=map[country:Internal]
2026/05/28 19:26:11 INFO audit log action=FILL username=user ip=127.0.0.1 details=map[country:Internal]
2026/05/28 19:26:11 INFO audit log action=FILL username=user ip=127.0.0.1 details=map[country:Internal]
2026/05/28 19:26:11 INFO audit log action=FILL username=user ip=127.0.0.1 details=map[country:Internal]
2026/05/28 19:26:11 INFO audit log action=FILL username=user ip=127.0.0.1 details=map[country:Internal]
2026/05/28 19:26:11 INFO audit log action=FILL username=user ip=127.0.0.1 details=map[country:Internal]
2026/05/28 19:26:11 INFO audit log action=FILL username=user ip=127.0.0.1 details=map[country:Internal]
2026/05/28 19:26:11 INFO audit log action=FILL username=user ip=127.0.0.1 details=map[country:Internal]
2026/05/28 19:26:11 INFO audit log action=FILL username=user ip=127.0.0.1 details=map[country:Internal]
2026/05/28 19:26:11 INFO audit log action=FILL username=user ip=127.0.0.1 details=map[country:Internal]
2026/05/28 19:26:11 INFO audit log action=FILL username=user ip=127.0.0.1 details=map[country:Internal]
2026/05/28 19:26:11 INFO audit log action=FILL username=user ip=127.0.0.1 details=map[country:Internal]
2026/05/28 19:26:11 INFO audit log action=FILL username=user ip=127.0.0.1 details=map[country:Internal]
2026/05/28 19:26:11 INFO audit log action=FILL username=user ip=127.0.0.1 details=map[country:Internal]
2026/05/28 19:26:11 INFO audit log action=FILL username=user ip=127.0.0.1 details=map[country:Internal]
2026/05/28 19:26:11 INFO audit log action=FILL username=user ip=127.0.0.1 details=map[country:Internal]
2026/05/28 19:26:11 INFO audit log action=FILL username=user ip=127.0.0.1 details=map[country:Internal]
2026/05/28 19:26:11 INFO audit log action=FILL username=user ip=127.0.0.1 details=map[country:Internal]
2026/05/28 19:26:11 INFO audit log action=FILL username=user ip=127.0.0.1 details=map[country:Internal]
2026/05/28 19:26:11 INFO audit log action=FILL username=user ip=127.0.0.1 details=map[country:Internal]
2026/05/28 19:26:11 INFO audit log action=FILL username=user ip=127.0.0.1 details=map[country:Internal]
2026/05/28 19:26:11 INFO audit log action=FILL username=user ip=127.0.0.1 details=map[country:Internal]
2026/05/28 19:26:11 INFO audit log action=FILL username=user ip=127.0.0.1 details=map[country:Internal]
2026/05/28 19:26:11 INFO audit log action=FILL username=user ip=127.0.0.1 details=map[country:Internal]
2026/05/28 19:26:11 INFO audit log action=FILL username=user ip=127.0.0.1 details=map[country:Internal]
2026/05/28 19:26:11 INFO audit log action=FILL username=user ip=127.0.0.1 details=map[country:Internal]
2026/05/28 19:26:11 INFO audit log action=FILL username=user ip=127.0.0.1 details=map[country:Internal]
2026/05/28 19:26:11 INFO audit log action=FILL username=user ip=127.0.0.1 details=map[country:Internal]
2026/05/28 19:26:11 INFO audit log action=FILL username=user ip=127.0.0.1 details=map[country:Internal]
2026/05/28 19:26:11 INFO audit log action=FILL username=user ip=127.0.0.1 details=map[country:Internal]
2026/05/28 19:26:11 INFO audit log action=FILL username=user ip=127.0.0.1 details=map[country:Internal]
2026/05/28 19:26:11 INFO audit log action=FILL username=user ip=127.0.0.1 details=map[country:Internal]
2026/05/28 19:26:11 INFO audit log action=FILL username=user ip=127.0.0.1 details=map[country:Internal]
2026/05/28 19:26:11 INFO audit log action=FILL username=user ip=127.0.0.1 details=map[country:Internal]
2026/05/28 19:26:11 INFO audit log action=FILL username=user ip=127.0.0.1 details=map[country:Internal]
2026/05/28 19:26:11 INFO audit log action=FILL username=user ip=127.0.0.1 details=map[country:Internal]
2026/05/28 19:26:11 INFO audit log action=FILL username=user ip=127.0.0.1 details=map[country:Internal]
2026/05/28 19:26:11 INFO audit log action=FILL username=user ip=127.0.0.1 details=map[country:Internal]
2026/05/28 19:26:11 INFO audit log action=FILL username=user ip=127.0.0.1 details=map[country:Internal]
2026/05/28 19:26:11 INFO audit log action=FILL username=user ip=127.0.0.1 details=map[country:Internal]
2026/05/28 19:26:11 INFO audit log action=FILL username=user ip=127.0.0.1 details=map[country:Internal]
2026/05/28 19:26:11 INFO audit log action=FILL username=user ip=127.0.0.1 details=map[country:Internal]
2026/05/28 19:26:11 INFO audit log action=FILL username=user ip=127.0.0.1 details=map[country:Internal]
2026/05/28 19:26:11 INFO audit log action=FILL username=user ip=127.0.0.1 details=map[country:Internal]
2026/05/28 19:26:11 INFO audit log action=FILL username=user ip=127.0.0.1 details=map[country:Internal]
2026/05/28 19:26:11 INFO audit log action=FILL username=user ip=127.0.0.1 details=map[country:Internal]
2026/05/28 19:26:11 INFO audit log action=FILL username=user ip=127.0.0.1 details=map[country:Internal]
2026/05/28 19:26:11 INFO audit log action=FILL username=user ip=127.0.0.1 details=map[country:Internal]
2026/05/28 19:26:11 INFO audit log action=FILL username=user ip=127.0.0.1 details=map[country:Internal]
2026/05/28 19:26:11 INFO audit log action=FILL username=user ip=127.0.0.1 details=map[country:Internal]
2026/05/28 19:26:11 INFO audit log action=FILL username=user ip=127.0.0.1 details=map[country:Internal]
2026/05/28 19:26:11 INFO audit log action=FILL username=user ip=127.0.0.1 details=map[country:Internal]
2026/05/28 19:26:11 INFO audit log action=FILL username=user ip=127.0.0.1 details=map[country:Internal]
2026/05/28 19:26:11 INFO audit log action=FILL username=user ip=127.0.0.1 details=map[country:Internal]
2026/05/28 19:26:11 INFO audit log action=FILL username=user ip=127.0.0.1 details=map[country:Internal]
2026/05/28 19:26:11 INFO audit log action=FILL username=user ip=127.0.0.1 details=map[country:Internal]
2026/05/28 19:26:11 INFO audit log action=FILL username=user ip=127.0.0.1 details=map[country:Internal]
2026/05/28 19:26:11 INFO audit log action=FILL username=user ip=127.0.0.1 details=map[country:Internal]
2026/05/28 19:26:11 INFO audit log action=FILL username=user ip=127.0.0.1 details=map[country:Internal]
2026/05/28 19:26:11 INFO audit log action=FILL username=user ip=127.0.0.1 details=map[country:Internal]
2026/05/28 19:26:11 INFO audit log action=FILL username=user ip=127.0.0.1 details=map[country:Internal]
2026/05/28 19:26:11 INFO audit log action=FILL username=user ip=127.0.0.1 details=map[country:Internal]
2026/05/28 19:26:11 INFO audit log action=FILL username=user ip=127.0.0.1 details=map[country:Internal]
2026/05/28 19:26:11 INFO audit log action=FILL username=user ip=127.0.0.1 details=map[country:Internal]
2026/05/28 19:26:11 INFO audit log action=FILL username=user ip=127.0.0.1 details=map[country:Internal]
2026/05/28 19:26:11 INFO audit log action=FILL username=user ip=127.0.0.1 details=map[country:Internal]
2026/05/28 19:26:11 INFO audit log action=FILL username=user ip=127.0.0.1 details=map[country:Internal]
2026/05/28 19:26:11 INFO audit log action=FILL username=user ip=127.0.0.1 details=map[country:Internal]
2026/05/28 19:26:11 INFO audit log action=FILL username=user ip=127.0.0.1 details=map[country:Internal]
2026/05/28 19:26:11 INFO audit log action=FILL username=user ip=127.0.0.1 details=map[country:Internal]
2026/05/28 19:26:11 INFO audit log action=FILL username=user ip=127.0.0.1 details=map[country:Internal]
2026/05/28 19:26:11 INFO audit log action=FILL username=user ip=127.0.0.1 details=map[country:Internal]
2026/05/28 19:26:11 INFO audit log action=FILL username=user ip=127.0.0.1 details=map[country:Internal]
2026/05/28 19:26:11 INFO audit log action=FILL username=user ip=127.0.0.1 details=map[country:Internal]
2026/05/28 19:26:11 INFO audit log action=FILL username=user ip=127.0.0.1 details=map[country:Internal]
2026/05/28 19:26:11 INFO audit log action=FILL username=user ip=127.0.0.1 details=map[country:Internal]
2026/05/28 19:26:11 INFO audit log action=FILL username=user ip=127.0.0.1 details=map[country:Internal]
2026/05/28 19:26:11 INFO audit log action=FILL username=user ip=127.0.0.1 details=map[country:Internal]
2026/05/28 19:26:11 INFO audit log action=FILL username=user ip=127.0.0.1 details=map[country:Internal]
2026/05/28 19:26:11 INFO audit log action=FILL username=user ip=127.0.0.1 details=map[country:Internal]
2026/05/28 19:26:11 INFO audit log action=FILL username=user ip=127.0.0.1 details=map[country:Internal]
2026/05/28 19:26:11 INFO audit log action=FILL username=user ip=127.0.0.1 details=map[country:Internal]
2026/05/28 19:26:11 INFO audit log action=FILL username=user ip=127.0.0.1 details=map[country:Internal]
2026/05/28 19:26:11 INFO audit log action=FILL username=user ip=127.0.0.1 details=map[country:Internal]
2026/05/28 19:26:11 INFO audit log action=FILL username=user ip=127.0.0.1 details=map[country:Internal]
2026/05/28 19:26:11 INFO audit log action=FILL username=user ip=127.0.0.1 details=map[country:Internal]
2026/05/28 19:26:11 INFO audit log action=FILL username=user ip=127.0.0.1 details=map[country:Internal]
2026/05/28 19:26:11 INFO audit log action=FILL username=user ip=127.0.0.1 details=map[country:Internal]
2026/05/28 19:26:11 INFO audit log action=FILL username=user ip=127.0.0.1 details=map[country:Internal]
2026/05/28 19:26:11 INFO audit log action=FILL username=user ip=127.0.0.1 details=map[country:Internal]
2026/05/28 19:26:11 INFO audit log action=FILL username=user ip=127.0.0.1 details=map[country:Internal]
2026/05/28 19:26:11 INFO audit log action=FILL username=user ip=127.0.0.1 details=map[country:Internal]
2026/05/28 19:26:11 INFO audit log action=FILL username=user ip=127.0.0.1 details=map[country:Internal]
2026/05/28 19:26:11 INFO audit log action=FILL username=user ip=127.0.0.1 details=map[country:Internal]
2026/05/28 19:26:11 INFO audit log action=FILL username=user ip=127.0.0.1 details=map[country:Internal]
2026/05/28 19:26:11 INFO audit log action=FILL username=user ip=127.0.0.1 details=map[country:Internal]
2026/05/28 19:26:11 INFO audit log action=FILL username=user ip=127.0.0.1 details=map[country:Internal]
2026/05/28 19:26:11 INFO audit log action=FILL username=user ip=127.0.0.1 details=map[country:Internal]
2026/05/28 19:26:11 INFO audit log action=FILL username=user ip=127.0.0.1 details=map[country:Internal]
2026/05/28 19:26:11 INFO audit log action=FILL username=user ip=127.0.0.1 details=map[country:Internal]
2026/05/28 19:26:11 INFO audit log action=FILL username=user ip=127.0.0.1 details=map[country:Internal]
2026/05/28 19:26:11 INFO audit log action=FILL username=user ip=127.0.0.1 details=map[country:Internal]
2026/05/28 19:26:11 INFO audit log action=FILL username=user ip=127.0.0.1 details=map[country:Internal]
2026/05/28 19:26:11 INFO audit log action=FILL username=user ip=127.0.0.1 details=map[country:Internal]
2026/05/28 19:26:11 INFO audit log action=FILL username=user ip=127.0.0.1 details=map[country:Internal]
2026/05/28 19:26:11 INFO audit log action=FILL username=user ip=127.0.0.1 details=map[country:Internal]
2026/05/28 19:26:11 INFO audit log action=FILL username=user ip=127.0.0.1 details=map[country:Internal]
2026/05/28 19:26:11 INFO audit log action=FILL username=user ip=127.0.0.1 details=map[country:Internal]
2026/05/28 19:26:11 INFO audit log action=FILL username=user ip=127.0.0.1 details=map[country:Internal]
2026/05/28 19:26:11 INFO audit log action=FILL username=user ip=127.0.0.1 details=map[country:Internal]
2026/05/28 19:26:11 INFO audit log action=FILL username=user ip=127.0.0.1 details=map[country:Internal]
2026/05/28 19:26:11 INFO audit log action=FILL username=user ip=127.0.0.1 details=map[country:Internal]
2026/05/28 19:26:11 INFO audit log action=FILL username=user ip=127.0.0.1 details=map[country:Internal]
2026/05/28 19:26:11 INFO audit log action=FILL username=user ip=127.0.0.1 details=map[country:Internal]
2026/05/28 19:26:11 INFO audit log action=FILL username=user ip=127.0.0.1 details=map[country:Internal]
2026/05/28 19:26:11 INFO audit log action=FILL username=user ip=127.0.0.1 details=map[country:Internal]
2026/05/28 19:26:11 INFO audit log action=FILL username=user ip=127.0.0.1 details=map[country:Internal]
2026/05/28 19:26:11 INFO audit log action=FILL username=user ip=127.0.0.1 details=map[country:Internal]
2026/05/28 19:26:11 INFO audit log action=FILL username=user ip=127.0.0.1 details=map[country:Internal]
2026/05/28 19:26:11 INFO audit log action=FILL username=user ip=127.0.0.1 details=map[country:Internal]
2026/05/28 19:26:11 INFO audit log action=FILL username=user ip=127.0.0.1 details=map[country:Internal]
2026/05/28 19:26:11 INFO audit log action=FILL username=user ip=127.0.0.1 details=map[country:Internal]
2026/05/28 19:26:11 INFO audit log action=FILL username=user ip=127.0.0.1 details=map[country:Internal]
2026/05/28 19:26:11 INFO audit log action=FILL username=user ip=127.0.0.1 details=map[country:Internal]
2026/05/28 19:26:11 INFO audit log action=FILL username=user ip=127.0.0.1 details=map[country:Internal]
2026/05/28 19:26:11 INFO audit log action=FILL username=user ip=127.0.0.1 details=map[country:Internal]
2026/05/28 19:26:11 INFO audit log action=FILL username=user ip=127.0.0.1 details=map[country:Internal]
2026/05/28 19:26:11 INFO audit log action=FILL username=user ip=127.0.0.1 details=map[country:Internal]
2026/05/28 19:26:11 INFO audit log action=FILL username=user ip=127.0.0.1 details=map[country:Internal]
2026/05/28 19:26:11 INFO audit log action=FILL username=user ip=127.0.0.1 details=map[country:Internal]
2026/05/28 19:26:11 INFO audit log action=FILL username=user ip=127.0.0.1 details=map[country:Internal]
2026/05/28 19:26:11 INFO audit log action=FILL username=user ip=127.0.0.1 details=map[country:Internal]
2026/05/28 19:26:11 INFO audit log action=FILL username=user ip=127.0.0.1 details=map[country:Internal]
2026/05/28 19:26:11 INFO audit log action=FILL username=user ip=127.0.0.1 details=map[country:Internal]
2026/05/28 19:26:11 INFO audit log action=FILL username=user ip=127.0.0.1 details=map[country:Internal]
2026/05/28 19:26:11 INFO audit log action=FILL username=user ip=127.0.0.1 details=map[country:Internal]
2026/05/28 19:26:11 INFO audit log action=FILL username=user ip=127.0.0.1 details=map[country:Internal]
2026/05/28 19:26:11 INFO audit log action=FILL username=user ip=127.0.0.1 details=map[country:Internal]
2026/05/28 19:26:11 INFO audit log action=FILL username=user ip=127.0.0.1 details=map[country:Internal]
2026/05/28 19:26:11 INFO audit log action=FILL username=user ip=127.0.0.1 details=map[country:Internal]
2026/05/28 19:26:11 INFO audit log action=FILL username=user ip=127.0.0.1 details=map[country:Internal]
2026/05/28 19:26:11 INFO audit log action=FILL username=user ip=127.0.0.1 details=map[country:Internal]
2026/05/28 19:26:11 INFO audit log action=FILL username=user ip=127.0.0.1 details=map[country:Internal]
2026/05/28 19:26:11 INFO audit log action=FILL username=user ip=127.0.0.1 details=map[country:Internal]
2026/05/28 19:26:11 INFO audit log action=FILL username=user ip=127.0.0.1 details=map[country:Internal]
2026/05/28 19:26:11 INFO audit log action=FILL username=user ip=127.0.0.1 details=map[country:Internal]
2026/05/28 19:26:11 INFO audit log action=FILL username=user ip=127.0.0.1 details=map[country:Internal]
2026/05/28 19:26:11 INFO audit log action=FILL username=user ip=127.0.0.1 details=map[country:Internal]
2026/05/28 19:26:11 INFO audit log action=FILL username=user ip=127.0.0.1 details=map[country:Internal]
2026/05/28 19:26:11 INFO audit log action=FILL username=user ip=127.0.0.1 details=map[country:Internal]
2026/05/28 19:26:11 INFO audit log action=FILL username=user ip=127.0.0.1 details=map[country:Internal]
2026/05/28 19:26:11 INFO audit log action=FILL username=user ip=127.0.0.1 details=map[country:Internal]
2026/05/28 19:26:11 INFO audit log action=FILL username=user ip=127.0.0.1 details=map[country:Internal]
2026/05/28 19:26:11 INFO audit log action=FILL username=user ip=127.0.0.1 details=map[country:Internal]
2026/05/28 19:26:11 INFO audit log action=FILL username=user ip=127.0.0.1 details=map[country:Internal]
2026/05/28 19:26:11 INFO audit log action=FILL username=user ip=127.0.0.1 details=map[country:Internal]
2026/05/28 19:26:11 INFO audit log action=FILL username=user ip=127.0.0.1 details=map[country:Internal]
2026/05/28 19:26:11 INFO audit log action=FILL username=user ip=127.0.0.1 details=map[country:Internal]
2026/05/28 19:26:11 INFO audit log action=FILL username=user ip=127.0.0.1 details=map[country:Internal]
2026/05/28 19:26:11 INFO audit log action=FILL username=user ip=127.0.0.1 details=map[country:Internal]
2026/05/28 19:26:11 INFO audit log action=FILL username=user ip=127.0.0.1 details=map[country:Internal]
2026/05/28 19:26:11 INFO audit log action=FILL username=user ip=127.0.0.1 details=map[country:Internal]
2026/05/28 19:26:11 INFO audit log action=FILL username=user ip=127.0.0.1 details=map[country:Internal]
2026/05/28 19:26:11 INFO audit log action=FILL username=user ip=127.0.0.1 details=map[country:Internal]
2026/05/28 19:26:11 INFO audit log action=FILL username=user ip=127.0.0.1 details=map[country:Internal]
2026/05/28 19:26:11 INFO audit log action=FILL username=user ip=127.0.0.1 details=map[country:Internal]
2026/05/28 19:26:11 INFO audit log action=FILL username=user ip=127.0.0.1 details=map[country:Internal]
2026/05/28 19:26:11 INFO audit log action=FILL username=user ip=127.0.0.1 details=map[country:Internal]
2026/05/28 19:26:11 INFO audit log action=FILL username=user ip=127.0.0.1 details=map[country:Internal]
2026/05/28 19:26:11 INFO audit log action=FILL username=user ip=127.0.0.1 details=map[country:Internal]
2026/05/28 19:26:11 INFO audit log action=FILL username=user ip=127.0.0.1 details=map[country:Internal]
2026/05/28 19:26:11 INFO audit log action=FILL username=user ip=127.0.0.1 details=map[country:Internal]
2026/05/28 19:26:11 INFO audit log action=FILL username=user ip=127.0.0.1 details=map[country:Internal]
2026/05/28 19:26:11 INFO audit log action=FILL username=user ip=127.0.0.1 details=map[country:Internal]
2026/05/28 19:26:11 INFO audit log action=FILL username=user ip=127.0.0.1 details=map[country:Internal]
2026/05/28 19:26:11 INFO audit log action=FILL username=user ip=127.0.0.1 details=map[country:Internal]
2026/05/28 19:26:11 INFO audit log action=FILL username=user ip=127.0.0.1 details=map[country:Internal]
2026/05/28 19:26:11 INFO audit log action=FILL username=user ip=127.0.0.1 details=map[country:Internal]
2026/05/28 19:26:11 INFO audit log action=FILL username=user ip=127.0.0.1 details=map[country:Internal]
2026/05/28 19:26:11 INFO audit log action=FILL username=user ip=127.0.0.1 details=map[country:Internal]
2026/05/28 19:26:11 INFO audit log action=FILL username=user ip=127.0.0.1 details=map[country:Internal]
2026/05/28 19:26:11 INFO audit log action=FILL username=user ip=127.0.0.1 details=map[country:Internal]
2026/05/28 19:26:11 INFO audit log action=FILL username=user ip=127.0.0.1 details=map[country:Internal]
2026/05/28 19:26:11 INFO audit log action=FILL username=user ip=127.0.0.1 details=map[country:Internal]
2026/05/28 19:26:11 INFO audit log action=FILL username=user ip=127.0.0.1 details=map[country:Internal]
2026/05/28 19:26:11 INFO audit log action=FILL username=user ip=127.0.0.1 details=map[country:Internal]
2026/05/28 19:26:11 INFO audit log action=FILL username=user ip=127.0.0.1 details=map[country:Internal]
2026/05/28 19:26:11 INFO audit log action=FILL username=user ip=127.0.0.1 details=map[country:Internal]
2026/05/28 19:26:11 INFO audit log action=FILL username=user ip=127.0.0.1 details=map[country:Internal]
2026/05/28 19:26:11 INFO audit log action=FILL username=user ip=127.0.0.1 details=map[country:Internal]
2026/05/28 19:26:11 INFO audit log action=FILL username=user ip=127.0.0.1 details=map[country:Internal]
2026/05/28 19:26:11 INFO audit log action=FILL username=user ip=127.0.0.1 details=map[country:Internal]
2026/05/28 19:26:11 INFO audit log action=FILL username=user ip=127.0.0.1 details=map[country:Internal]
2026/05/28 19:26:11 INFO audit log action=FILL username=user ip=127.0.0.1 details=map[country:Internal]
2026/05/28 19:26:11 INFO audit log action=FILL username=user ip=127.0.0.1 details=map[country:Internal]
2026/05/28 19:26:11 INFO audit log action=FILL username=user ip=127.0.0.1 details=map[country:Internal]
2026/05/28 19:26:11 INFO audit log action=FILL username=user ip=127.0.0.1 details=map[country:Internal]
2026/05/28 19:26:11 INFO audit log action=FILL username=user ip=127.0.0.1 details=map[country:Internal]
2026/05/28 19:26:11 INFO audit log action=FILL username=user ip=127.0.0.1 details=map[country:Internal]
2026/05/28 19:26:11 INFO audit log action=FILL username=user ip=127.0.0.1 details=map[country:Internal]
2026/05/28 19:26:11 INFO audit log action=FILL username=user ip=127.0.0.1 details=map[country:Internal]
2026/05/28 19:26:11 INFO audit log action=FILL username=user ip=127.0.0.1 details=map[country:Internal]
2026/05/28 19:26:11 INFO audit log action=FILL username=user ip=127.0.0.1 details=map[country:Internal]
2026/05/28 19:26:11 INFO audit log action=FILL username=user ip=127.0.0.1 details=map[country:Internal]
2026/05/28 19:26:11 INFO audit log action=FILL username=user ip=127.0.0.1 details=map[country:Internal]
2026/05/28 19:26:11 INFO audit log action=FILL username=user ip=127.0.0.1 details=map[country:Internal]
2026/05/28 19:26:11 INFO audit log action=FILL username=user ip=127.0.0.1 details=map[country:Internal]
2026/05/28 19:26:11 INFO audit log action=FILL username=user ip=127.0.0.1 details=map[country:Internal]
2026/05/28 19:26:11 INFO audit log action=FILL username=user ip=127.0.0.1 details=map[country:Internal]
2026/05/28 19:26:11 INFO audit log action=FILL username=user ip=127.0.0.1 details=map[country:Internal]
2026/05/28 19:26:11 INFO audit log action=FILL username=user ip=127.0.0.1 details=map[country:Internal]
2026/05/28 19:26:11 INFO audit log action=FILL username=user ip=127.0.0.1 details=map[country:Internal]
2026/05/28 19:26:11 INFO audit log action=FILL username=user ip=127.0.0.1 details=map[country:Internal]
2026/05/28 19:26:11 INFO audit log action=FILL username=user ip=127.0.0.1 details=map[country:Internal]
2026/05/28 19:26:11 INFO audit log action=FILL username=user ip=127.0.0.1 details=map[country:Internal]
2026/05/28 19:26:11 INFO audit log action=FILL username=user ip=127.0.0.1 details=map[country:Internal]
2026/05/28 19:26:11 INFO audit log action=FILL username=user ip=127.0.0.1 details=map[country:Internal]
2026/05/28 19:26:11 INFO audit log action=FILL username=user ip=127.0.0.1 details=map[country:Internal]
2026/05/28 19:26:11 INFO audit log action=FILL username=user ip=127.0.0.1 details=map[country:Internal]
2026/05/28 19:26:11 INFO audit log action=FILL username=user ip=127.0.0.1 details=map[country:Internal]
2026/05/28 19:26:11 INFO audit log action=FILL username=user ip=127.0.0.1 details=map[country:Internal]
2026/05/28 19:26:11 INFO audit log action=FILL username=user ip=127.0.0.1 details=map[country:Internal]
2026/05/28 19:26:11 INFO audit log action=FILL username=user ip=127.0.0.1 details=map[country:Internal]
2026/05/28 19:26:11 INFO audit log action=FILL username=user ip=127.0.0.1 details=map[country:Internal]
2026/05/28 19:26:11 INFO audit log action=FILL username=user ip=127.0.0.1 details=map[country:Internal]
2026/05/28 19:26:11 INFO audit log action=FILL username=user ip=127.0.0.1 details=map[country:Internal]
2026/05/28 19:26:11 INFO audit log action=FILL username=user ip=127.0.0.1 details=map[country:Internal]
2026/05/28 19:26:11 INFO audit log action=FILL username=user ip=127.0.0.1 details=map[country:Internal]
2026/05/28 19:26:11 INFO audit log action=FILL username=user ip=127.0.0.1 details=map[country:Internal]
2026/05/28 19:26:11 INFO audit log action=FILL username=user ip=127.0.0.1 details=map[country:Internal]
2026/05/28 19:26:11 INFO audit log action=FILL username=user ip=127.0.0.1 details=map[country:Internal]
2026/05/28 19:26:11 INFO audit log action=FILL username=user ip=127.0.0.1 details=map[country:Internal]
2026/05/28 19:26:11 INFO audit log action=FILL username=user ip=127.0.0.1 details=map[country:Internal]
2026/05/28 19:26:11 INFO audit log action=FILL username=user ip=127.0.0.1 details=map[country:Internal]
2026/05/28 19:26:11 INFO audit log action=FILL username=user ip=127.0.0.1 details=map[country:Internal]
2026/05/28 19:26:11 INFO audit log action=FILL username=user ip=127.0.0.1 details=map[country:Internal]
2026/05/28 19:26:11 INFO audit log action=FILL username=user ip=127.0.0.1 details=map[country:Internal]
2026/05/28 19:26:11 INFO audit log action=FILL username=user ip=127.0.0.1 details=map[country:Internal]
2026/05/28 19:26:11 INFO audit log action=FILL username=user ip=127.0.0.1 details=map[country:Internal]
2026/05/28 19:26:11 INFO audit log action=FILL username=user ip=127.0.0.1 details=map[country:Internal]
2026/05/28 19:26:11 INFO audit log action=FILL username=user ip=127.0.0.1 details=map[country:Internal]
2026/05/28 19:26:11 INFO audit log action=FILL username=user ip=127.0.0.1 details=map[country:Internal]
2026/05/28 19:26:11 INFO audit log action=FILL username=user ip=127.0.0.1 details=map[country:Internal]
2026/05/28 19:26:11 INFO audit log action=FILL username=user ip=127.0.0.1 details=map[country:Internal]
2026/05/28 19:26:11 INFO audit log action=FILL username=user ip=127.0.0.1 details=map[country:Internal]
2026/05/28 19:26:11 INFO audit log action=FILL username=user ip=127.0.0.1 details=map[country:Internal]
2026/05/28 19:26:11 INFO audit log action=FILL username=user ip=127.0.0.1 details=map[country:Internal]
2026/05/28 19:26:11 INFO audit log action=FILL username=user ip=127.0.0.1 details=map[country:Internal]
2026/05/28 19:26:11 INFO audit log action=FILL username=user ip=127.0.0.1 details=map[country:Internal]
2026/05/28 19:26:11 INFO audit log action=FILL username=user ip=127.0.0.1 details=map[country:Internal]
2026/05/28 19:26:11 INFO audit log action=FILL username=user ip=127.0.0.1 details=map[country:Internal]
2026/05/28 19:26:11 INFO audit log action=FILL username=user ip=127.0.0.1 details=map[country:Internal]
2026/05/28 19:26:11 INFO audit log action=FILL username=user ip=127.0.0.1 details=map[country:Internal]
2026/05/28 19:26:11 INFO audit log action=FILL username=user ip=127.0.0.1 details=map[country:Internal]
2026/05/28 19:26:11 INFO audit log action=FILL username=user ip=127.0.0.1 details=map[country:Internal]
2026/05/28 19:26:11 INFO audit log action=FILL username=user ip=127.0.0.1 details=map[country:Internal]
2026/05/28 19:26:11 INFO audit log action=FILL username=user ip=127.0.0.1 details=map[country:Internal]
2026/05/28 19:26:11 INFO audit log action=FILL username=user ip=127.0.0.1 details=map[country:Internal]
2026/05/28 19:26:11 INFO audit log action=FILL username=user ip=127.0.0.1 details=map[country:Internal]
2026/05/28 19:26:11 INFO audit log action=FILL username=user ip=127.0.0.1 details=map[country:Internal]
2026/05/28 19:26:11 INFO audit log action=FILL username=user ip=127.0.0.1 details=map[country:Internal]
2026/05/28 19:26:11 INFO audit log action=FILL username=user ip=127.0.0.1 details=map[country:Internal]
2026/05/28 19:26:11 INFO audit log action=FILL username=user ip=127.0.0.1 details=map[country:Internal]
2026/05/28 19:26:11 INFO audit log action=FILL username=user ip=127.0.0.1 details=map[country:Internal]
2026/05/28 19:26:11 INFO audit log action=FILL username=user ip=127.0.0.1 details=map[country:Internal]
2026/05/28 19:26:11 INFO audit log action=FILL username=user ip=127.0.0.1 details=map[country:Internal]
2026/05/28 19:26:11 INFO audit log action=FILL username=user ip=127.0.0.1 details=map[country:Internal]
2026/05/28 19:26:11 INFO audit log action=FILL username=user ip=127.0.0.1 details=map[country:Internal]
2026/05/28 19:26:11 INFO audit log action=FILL username=user ip=127.0.0.1 details=map[country:Internal]
2026/05/28 19:26:11 INFO audit log action=FILL username=user ip=127.0.0.1 details=map[country:Internal]
2026/05/28 19:26:11 INFO audit log action=FILL username=user ip=127.0.0.1 details=map[country:Internal]
2026/05/28 19:26:11 INFO audit log action=FILL username=user ip=127.0.0.1 details=map[country:Internal]
2026/05/28 19:26:11 INFO audit log action=FILL username=user ip=127.0.0.1 details=map[country:Internal]
2026/05/28 19:26:11 INFO audit log action=FILL username=user ip=127.0.0.1 details=map[country:Internal]
2026/05/28 19:26:11 INFO audit log action=FILL username=user ip=127.0.0.1 details=map[country:Internal]
2026/05/28 19:26:11 INFO audit log action=FILL username=user ip=127.0.0.1 details=map[country:Internal]
2026/05/28 19:26:11 INFO audit log action=FILL username=user ip=127.0.0.1 details=map[country:Internal]
2026/05/28 19:26:11 INFO audit log action=FILL username=user ip=127.0.0.1 details=map[country:Internal]
2026/05/28 19:26:11 INFO audit log action=FILL username=user ip=127.0.0.1 details=map[country:Internal]
2026/05/28 19:26:11 INFO audit log action=FILL username=user ip=127.0.0.1 details=map[country:Internal]
2026/05/28 19:26:11 INFO audit log action=FILL username=user ip=127.0.0.1 details=map[country:Internal]
2026/05/28 19:26:11 INFO audit log action=FILL username=user ip=127.0.0.1 details=map[country:Internal]
2026/05/28 19:26:11 INFO audit log action=FILL username=user ip=127.0.0.1 details=map[country:Internal]
2026/05/28 19:26:11 INFO audit log action=FILL username=user ip=127.0.0.1 details=map[country:Internal]
2026/05/28 19:26:11 INFO audit log action=FILL username=user ip=127.0.0.1 details=map[country:Internal]
2026/05/28 19:26:11 INFO audit log action=FILL username=user ip=127.0.0.1 details=map[country:Internal]
2026/05/28 19:26:11 INFO audit log action=FILL username=user ip=127.0.0.1 details=map[country:Internal]
2026/05/28 19:26:11 INFO audit log action=FILL username=user ip=127.0.0.1 details=map[country:Internal]
2026/05/28 19:26:11 INFO audit log action=FILL username=user ip=127.0.0.1 details=map[country:Internal]
2026/05/28 19:26:11 INFO audit log action=FILL username=user ip=127.0.0.1 details=map[country:Internal]
2026/05/28 19:26:11 INFO audit log action=FILL username=user ip=127.0.0.1 details=map[country:Internal]
2026/05/28 19:26:11 INFO audit log action=FILL username=user ip=127.0.0.1 details=map[country:Internal]
2026/05/28 19:26:11 INFO audit log action=FILL username=user ip=127.0.0.1 details=map[country:Internal]
2026/05/28 19:26:11 INFO audit log action=FILL username=user ip=127.0.0.1 details=map[country:Internal]
2026/05/28 19:26:11 INFO audit log action=FILL username=user ip=127.0.0.1 details=map[country:Internal]
2026/05/28 19:26:11 INFO audit log action=FILL username=user ip=127.0.0.1 details=map[country:Internal]
2026/05/28 19:26:11 INFO audit log action=FILL username=user ip=127.0.0.1 details=map[country:Internal]
2026/05/28 19:26:11 INFO audit log action=FILL username=user ip=127.0.0.1 details=map[country:Internal]
2026/05/28 19:26:11 INFO audit log action=FILL username=user ip=127.0.0.1 details=map[country:Internal]
2026/05/28 19:26:11 INFO audit log action=FILL username=user ip=127.0.0.1 details=map[country:Internal]
2026/05/28 19:26:11 INFO audit log action=FILL username=user ip=127.0.0.1 details=map[country:Internal]
2026/05/28 19:26:11 INFO audit log action=FILL username=user ip=127.0.0.1 details=map[country:Internal]
2026/05/28 19:26:11 INFO audit log action=FILL username=user ip=127.0.0.1 details=map[country:Internal]
2026/05/28 19:26:11 INFO audit log action=FILL username=user ip=127.0.0.1 details=map[country:Internal]
2026/05/28 19:26:11 INFO audit log action=FILL username=user ip=127.0.0.1 details=map[country:Internal]
2026/05/28 19:26:11 INFO audit log action=FILL username=user ip=127.0.0.1 details=map[country:Internal]
2026/05/28 19:26:11 INFO audit log action=FILL username=user ip=127.0.0.1 details=map[country:Internal]
2026/05/28 19:26:11 INFO audit log action=FILL username=user ip=127.0.0.1 details=map[country:Internal]
2026/05/28 19:26:11 INFO audit log action=FILL username=user ip=127.0.0.1 details=map[country:Internal]
2026/05/28 19:26:11 INFO audit log action=FILL username=user ip=127.0.0.1 details=map[country:Internal]
2026/05/28 19:26:11 INFO audit log action=FILL username=user ip=127.0.0.1 details=map[country:Internal]
2026/05/28 19:26:11 INFO audit log action=FILL username=user ip=127.0.0.1 details=map[country:Internal]
2026/05/28 19:26:11 INFO audit log action=FILL username=user ip=127.0.0.1 details=map[country:Internal]
2026/05/28 19:26:11 INFO audit log action=FILL username=user ip=127.0.0.1 details=map[country:Internal]
2026/05/28 19:26:11 INFO audit log action=FILL username=user ip=127.0.0.1 details=map[country:Internal]
2026/05/28 19:26:11 INFO audit log action=FILL username=user ip=127.0.0.1 details=map[country:Internal]
2026/05/28 19:26:11 INFO audit log action=FILL username=user ip=127.0.0.1 details=map[country:Internal]
2026/05/28 19:26:11 INFO audit log action=FILL username=user ip=127.0.0.1 details=map[country:Internal]
2026/05/28 19:26:11 INFO audit log action=FILL username=user ip=127.0.0.1 details=map[country:Internal]
2026/05/28 19:26:11 INFO audit log action=FILL username=user ip=127.0.0.1 details=map[country:Internal]
2026/05/28 19:26:11 INFO audit log action=FILL username=user ip=127.0.0.1 details=map[country:Internal]
2026/05/28 19:26:11 INFO audit log action=FILL username=user ip=127.0.0.1 details=map[country:Internal]
2026/05/28 19:26:11 INFO audit log action=FILL username=user ip=127.0.0.1 details=map[country:Internal]
2026/05/28 19:26:11 INFO audit log action=FILL username=user ip=127.0.0.1 details=map[country:Internal]
2026/05/28 19:26:11 INFO audit log action=FILL username=user ip=127.0.0.1 details=map[country:Internal]
2026/05/28 19:26:11 INFO audit log action=FILL username=user ip=127.0.0.1 details=map[country:Internal]
2026/05/28 19:26:11 INFO audit log action=FILL username=user ip=127.0.0.1 details=map[country:Internal]
2026/05/28 19:26:11 INFO audit log action=FILL username=user ip=127.0.0.1 details=map[country:Internal]
2026/05/28 19:26:11 INFO audit log action=FILL username=user ip=127.0.0.1 details=map[country:Internal]
2026/05/28 19:26:11 INFO audit log action=FILL username=user ip=127.0.0.1 details=map[country:Internal]
2026/05/28 19:26:11 INFO audit log action=FILL username=user ip=127.0.0.1 details=map[country:Internal]
2026/05/28 19:26:11 INFO audit log action=FILL username=user ip=127.0.0.1 details=map[country:Internal]
2026/05/28 19:26:11 INFO audit log action=FILL username=user ip=127.0.0.1 details=map[country:Internal]
2026/05/28 19:26:11 INFO audit log action=FILL username=user ip=127.0.0.1 details=map[country:Internal]
2026/05/28 19:26:11 INFO audit log action=FILL username=user ip=127.0.0.1 details=map[country:Internal]
2026/05/28 19:26:11 INFO audit log action=FILL username=user ip=127.0.0.1 details=map[country:Internal]
2026/05/28 19:26:11 INFO audit log action=FILL username=user ip=127.0.0.1 details=map[country:Internal]
2026/05/28 19:26:11 INFO audit log action=FILL username=user ip=127.0.0.1 details=map[country:Internal]
2026/05/28 19:26:11 INFO audit log action=FILL username=user ip=127.0.0.1 details=map[country:Internal]
2026/05/28 19:26:11 INFO audit log action=FILL username=user ip=127.0.0.1 details=map[country:Internal]
2026/05/28 19:26:11 INFO audit log action=FILL username=user ip=127.0.0.1 details=map[country:Internal]
2026/05/28 19:26:11 INFO audit log action=FILL username=user ip=127.0.0.1 details=map[country:Internal]
2026/05/28 19:26:11 INFO audit log action=FILL username=user ip=127.0.0.1 details=map[country:Internal]
2026/05/28 19:26:11 INFO audit log action=FILL username=user ip=127.0.0.1 details=map[country:Internal]
2026/05/28 19:26:11 INFO audit log action=FILL username=user ip=127.0.0.1 details=map[country:Internal]
2026/05/28 19:26:11 INFO audit log action=FILL username=user ip=127.0.0.1 details=map[country:Internal]
2026/05/28 19:26:11 INFO audit log action=FILL username=user ip=127.0.0.1 details=map[country:Internal]
2026/05/28 19:26:11 INFO audit log action=FILL username=user ip=127.0.0.1 details=map[country:Internal]
2026/05/28 19:26:11 INFO audit log action=FILL username=user ip=127.0.0.1 details=map[country:Internal]
2026/05/28 19:26:11 INFO audit log action=FILL username=user ip=127.0.0.1 details=map[country:Internal]
2026/05/28 19:26:11 INFO audit log action=FILL username=user ip=127.0.0.1 details=map[country:Internal]
2026/05/28 19:26:11 INFO audit log action=FILL username=user ip=127.0.0.1 details=map[country:Internal]
2026/05/28 19:26:11 INFO audit log action=FILL username=user ip=127.0.0.1 details=map[country:Internal]
--- PASS: TestLogAudit (0.22s)
    --- PASS: TestLogAudit/Record_log_entry (0.00s)
    --- PASS: TestLogAudit/Log_trimming (0.21s)
=== RUN   TestLoadConfig
--- PASS: TestLoadConfig (0.00s)
=== RUN   TestGetEnvHelpers
--- PASS: TestGetEnvHelpers (0.00s)
=== RUN   TestIsAllowedHost
--- PASS: TestIsAllowedHost (0.00s)
=== RUN   TestIsCountryAllowed
=== RUN   TestIsCountryAllowed/Empty_list_allowed_all
=== RUN   TestIsCountryAllowed/Exact_match
=== RUN   TestIsCountryAllowed/Case_insensitive_match
=== RUN   TestIsCountryAllowed/Case_insensitive_match_2
=== RUN   TestIsCountryAllowed/No_match
=== RUN   TestIsCountryAllowed/Empty_country_input
=== RUN   TestIsCountryAllowed/Internal_access_match
=== RUN   TestIsCountryAllowed/Internal_access_case_insensitive
=== RUN   TestIsCountryAllowed/Tailscale_access_match
=== RUN   TestIsCountryAllowed/Unknown_country_match
=== RUN   TestIsCountryAllowed/Whitespace_in_allowed_list
=== RUN   TestIsCountryAllowed/Whitespace_in_input
=== RUN   TestIsCountryAllowed/Whitespace_in_both
--- PASS: TestIsCountryAllowed (0.00s)
    --- PASS: TestIsCountryAllowed/Empty_list_allowed_all (0.00s)
    --- PASS: TestIsCountryAllowed/Exact_match (0.00s)
    --- PASS: TestIsCountryAllowed/Case_insensitive_match (0.00s)
    --- PASS: TestIsCountryAllowed/Case_insensitive_match_2 (0.00s)
    --- PASS: TestIsCountryAllowed/No_match (0.00s)
    --- PASS: TestIsCountryAllowed/Empty_country_input (0.00s)
    --- PASS: TestIsCountryAllowed/Internal_access_match (0.00s)
    --- PASS: TestIsCountryAllowed/Internal_access_case_insensitive (0.00s)
    --- PASS: TestIsCountryAllowed/Tailscale_access_match (0.00s)
    --- PASS: TestIsCountryAllowed/Unknown_country_match (0.00s)
    --- PASS: TestIsCountryAllowed/Whitespace_in_allowed_list (0.00s)
    --- PASS: TestIsCountryAllowed/Whitespace_in_input (0.00s)
    --- PASS: TestIsCountryAllowed/Whitespace_in_both (0.00s)
=== RUN   TestIsIPAllowed
=== RUN   TestIsIPAllowed/Invalid_IP
=== RUN   TestIsIPAllowed/Empty_IP
=== RUN   TestIsIPAllowed/Empty_allowed_list
=== RUN   TestIsIPAllowed/Exact_match_IPv4
=== RUN   TestIsIPAllowed/Exact_match_IPv6
=== RUN   TestIsIPAllowed/CIDR_match_IPv4
=== RUN   TestIsIPAllowed/CIDR_match_IPv6
=== RUN   TestIsIPAllowed/No_match
=== RUN   TestIsIPAllowed/Invalid_CIDR_in_list
=== RUN   TestIsIPAllowed/Mixed_list_match
=== RUN   TestIsIPAllowed/IPv4-mapped_IPv6_match
=== RUN   TestIsIPAllowed/IPv4-mapped_IPv6_match_reversed
=== RUN   TestIsIPAllowed/Expanded_IPv6_match
=== RUN   TestIsIPAllowed/Compressed_IPv6_match
=== RUN   TestIsIPAllowed/CIDR_IPv4-mapped_IPv6_match
=== RUN   TestIsIPAllowed/CIDR_match_with_host_bits_set
=== RUN   TestIsIPAllowed/IPv4_in_IPv6_range_match
=== RUN   TestIsIPAllowed/Mismatch_IPv4_and_IPv6
--- PASS: TestIsIPAllowed (0.00s)
    --- PASS: TestIsIPAllowed/Invalid_IP (0.00s)
    --- PASS: TestIsIPAllowed/Empty_IP (0.00s)
    --- PASS: TestIsIPAllowed/Empty_allowed_list (0.00s)
    --- PASS: TestIsIPAllowed/Exact_match_IPv4 (0.00s)
    --- PASS: TestIsIPAllowed/Exact_match_IPv6 (0.00s)
    --- PASS: TestIsIPAllowed/CIDR_match_IPv4 (0.00s)
    --- PASS: TestIsIPAllowed/CIDR_match_IPv6 (0.00s)
    --- PASS: TestIsIPAllowed/No_match (0.00s)
    --- PASS: TestIsIPAllowed/Invalid_CIDR_in_list (0.00s)
    --- PASS: TestIsIPAllowed/Mixed_list_match (0.00s)
    --- PASS: TestIsIPAllowed/IPv4-mapped_IPv6_match (0.00s)
    --- PASS: TestIsIPAllowed/IPv4-mapped_IPv6_match_reversed (0.00s)
    --- PASS: TestIsIPAllowed/Expanded_IPv6_match (0.00s)
    --- PASS: TestIsIPAllowed/Compressed_IPv6_match (0.00s)
    --- PASS: TestIsIPAllowed/CIDR_IPv4-mapped_IPv6_match (0.00s)
    --- PASS: TestIsIPAllowed/CIDR_match_with_host_bits_set (0.00s)
    --- PASS: TestIsIPAllowed/IPv4_in_IPv6_range_match (0.00s)
    --- PASS: TestIsIPAllowed/Mismatch_IPv4_and_IPv6 (0.00s)
=== RUN   TestNormalizeHostname
--- PASS: TestNormalizeHostname (0.00s)
=== RUN   TestSend2FAModifiedNotification_Detailed
=== RUN   TestSend2FAModifiedNotification_Detailed/Standard_Enabled
2026/05/28 19:26:11 INFO Email sent successfully to=user@example.com subject="[RAuth] Security Alert: 2FA Enabled"
=== RUN   TestSend2FAModifiedNotification_Detailed/HTML_Escaping
2026/05/28 19:26:11 INFO Email sent successfully to=attacker@example.com subject="[RAuth] Security Alert: 2FA <b>Disabled</b>"
=== RUN   TestSend2FAModifiedNotification_Detailed/Header_Injection_Prevention
2026/05/28 19:26:11 INFO Email sent successfully to=user@example.com subject="[RAuth] Security Alert: 2FA EnabledBcc: spy@evil.com"
--- PASS: TestSend2FAModifiedNotification_Detailed (0.00s)
    --- PASS: TestSend2FAModifiedNotification_Detailed/Standard_Enabled (0.00s)
    --- PASS: TestSend2FAModifiedNotification_Detailed/HTML_Escaping (0.00s)
    --- PASS: TestSend2FAModifiedNotification_Detailed/Header_Injection_Prevention (0.00s)
=== RUN   TestEmailHeaderInjection_Fixed
--- PASS: TestEmailHeaderInjection_Fixed (0.00s)
=== RUN   TestEmailHTMLInjection_Fixed
--- PASS: TestEmailHTMLInjection_Fixed (0.00s)
=== RUN   TestSendEmail_NotConfigured
2026/05/28 19:26:11 WARN SMTP not configured, skipping email to=test@example.com subject="Test Subject"
--- PASS: TestSendEmail_NotConfigured (0.00s)
=== RUN   TestNotifications
=== RUN   TestNotifications/SendLoginNotification
2026/05/28 19:26:11 INFO Email sent successfully to=user@example.com subject="[RAuth] Security Alert: New Login Detected"
=== RUN   TestNotifications/SendPasswordChangeNotification
2026/05/28 19:26:11 INFO Email sent successfully to=user@example.com subject="[RAuth] Security Alert: Password Changed"
=== RUN   TestNotifications/SendAccountCreatedNotification
2026/05/28 19:26:11 INFO Email sent successfully to=user@example.com subject="[RAuth] Welcome: Your Account is Ready"
=== RUN   TestNotifications/Send2FAModifiedNotification
2026/05/28 19:26:11 INFO Email sent successfully to=user@example.com subject="[RAuth] Security Alert: 2FA Enabled"
--- PASS: TestNotifications (0.00s)
    --- PASS: TestNotifications/SendLoginNotification (0.00s)
    --- PASS: TestNotifications/SendPasswordChangeNotification (0.00s)
    --- PASS: TestNotifications/SendAccountCreatedNotification (0.00s)
    --- PASS: TestNotifications/Send2FAModifiedNotification (0.00s)
=== RUN   TestSendEmail_HTMLWrap
2026/05/28 19:26:11 INFO Email sent successfully to=test@example.com subject="Plain Subject"
2026/05/28 19:26:11 INFO Email sent successfully to=test@example.com subject="HTML Subject"
--- PASS: TestSendEmail_HTMLWrap (0.00s)
=== RUN   TestSendAccountCreatedNotificationRobust
2026/05/28 19:26:11 INFO Email sent successfully to=newuser@example.com subject="[RAuth] Welcome: Your Account is Ready"
--- PASS: TestSendAccountCreatedNotificationRobust (0.00s)
=== RUN   TestSendLoginNotificationRobust
2026/05/28 19:26:11 INFO Email sent successfully to=user@example.com subject="[RAuth] Security Alert: New Login Detected"
--- PASS: TestSendLoginNotificationRobust (0.00s)
=== RUN   TestSendPasswordChangeNotificationRobust
2026/05/28 19:26:11 INFO Email sent successfully to=user@example.com subject="[RAuth] Security Alert: Password Changed"
--- PASS: TestSendPasswordChangeNotificationRobust (0.00s)
=== RUN   TestSend2FAModifiedNotificationRobust
2026/05/28 19:26:11 INFO Email sent successfully to=user@example.com subject="[RAuth] Security Alert: 2FA Enabled<b>"
    email_test.go:235:
		Error Trace:	/app/internal/core/email_test.go:235
		Error:      	"From: noreply@rauth.example.com\r\nTo: user@example.com\r\nSubject: [RAuth] Security Alert: 2FA Enabled<b>\r\nMIME-version: 1.0;\r\nContent-Type: text/html; charset=\"UTF-8\";\r\n\r\n\n<!DOCTYPE html>\n<html>\n<head>\n    <style>\n        body { font-family: 'Segoe UI', Tahoma, Geneva, Verdana, sans-serif; line-height: 1.6; color: #333; margin: 0; padding: 0; background-color: #f4f7f6; }\n        .container { max-width: 600px; margin: 20px auto; background: #fff; border-radius: 8px; overflow: hidden; box-shadow: 0 4px 15px rgba(0,0,0,0.05); }\n        .header { background: #dc3545; color: #fff; padding: 30px; text-align: center; }\n        .header img { display: block; margin: 0 auto 10px auto; border-radius: 10px; }\n        .header h1 { margin: 0; font-size: 24px; letter-spacing: 1px; }\n        .content { padding: 30px; }\n        .footer { background: #f8f9fa; color: #6c757d; padding: 20px; text-align: center; font-size: 12px; }\n        .btn { display: inline-block; padding: 12px 25px; background: #dc3545; color: #fff; text-decoration: none; border-radius: 5px; font-weight: bold; margin-top: 20px; }\n        .alert { padding: 15px; border-radius: 5px; margin-bottom: 20px; }\n        .alert-warning { background: #fff3cd; border: 1px solid #ffeeba; color: #856404; }\n        .details { background: #f8f9fa; padding: 15px; border-radius: 5px; margin: 20px 0; font-size: 14px; }\n        .details div { margin-bottom: 5px; }\n    </style>\n</head>\n<body>\n    <div class=\"container\">\n        <div class=\"header\">\n            <img src=\"http://localhost:5980/static/favicon.png\" alt=\"RAuth Logo\" width=\"64\" height=\"64\">\n            <h1>RAuth Security</h1>\n        </div>\n        <div class=\"content\">\n            \n\t\t<h2>Two-Factor Authentication Enabled&lt;b&gt;</h2>\n\t\t<p>Hello <strong>testuser</strong>,</p>\n\t\t<p>A change was made to your security settings: <strong>Two-Factor Authentication was Enabled&lt;b&gt;</strong>.</p>\n\t\t<div class=\"details\">\n\t\t\t<div><strong>Action:</strong> Enabled&lt;b&gt;</div>\n\t\t\t<div><strong>IP Address:</strong> 1.1.1.1</div>\n\t\t\t<div><strong>Time:</strong> May 28, 2026 19:26:11 UTC</div>\n\t\t</div>\n\t\t<div class=\"alert alert-warning\">\n\t\t\t<strong>Wasn't you?</strong> If you did not authorize this change, your account may be compromised. Please contact your administrator immediately.\n\t\t</div>\n\t\n        </div>\n        <div class=\"footer\">\n            &copy; 2026 RAuth Authentication Proxy. All rights reserved.<br>\n            This is an automated security notification.\n        </div>\n    </div>\n</body>\n</html>\n\r\n" does not contain "Subject: [RAuth] Security Alert: 2FA Enabled&lt;b&gt;"
		Test:       	TestSend2FAModifiedNotificationRobust
--- FAIL: TestSend2FAModifiedNotificationRobust (0.00s)
=== RUN   TestSanitizeEmailHeader
=== RUN   TestSanitizeEmailHeader/Normal_Subject
=== RUN   TestSanitizeEmailHeader/Subject__With__Newlines
=== RUN   TestSanitizeEmailHeader/To:_test@example.com__Bcc:_evil@example.com
--- PASS: TestSanitizeEmailHeader (0.00s)
    --- PASS: TestSanitizeEmailHeader/Normal_Subject (0.00s)
    --- PASS: TestSanitizeEmailHeader/Subject__With__Newlines (0.00s)
    --- PASS: TestSanitizeEmailHeader/To:_test@example.com__Bcc:_evil@example.com (0.00s)
=== RUN   TestSendEmail_Error
2026/05/28 19:26:11 ERROR Failed to send email error="smtp error" to=user@example.com
--- PASS: TestSendEmail_Error (0.00s)
=== RUN   TestIsPrivateIP
--- PASS: TestIsPrivateIP (0.00s)
=== RUN   TestGetCountryCode
--- PASS: TestGetCountryCode (0.00s)
=== RUN   TestGetCountryCode_EdgeCases
--- PASS: TestGetCountryCode_EdgeCases (0.00s)
=== RUN   TestGetCountryCode_InvalidIP
--- PASS: TestGetCountryCode_InvalidIP (0.00s)
=== RUN   TestGetGeoMetadata
--- PASS: TestGetGeoMetadata (0.00s)
=== RUN   TestGetGeoReaderStatus
--- PASS: TestGetGeoReaderStatus (0.00s)
=== RUN   TestGeoLRUCache_Eviction
--- PASS: TestGeoLRUCache_Eviction (0.00s)
=== RUN   TestReloadReader_Errors
2026/05/28 19:26:11 WARN Failed to open MaxMind database path=/nonexistent/path error="open /nonexistent/path: no such file or directory"
2026/05/28 19:26:11 WARN Failed to close MaxMind database error="close error"
2026/05/28 19:26:11 WARN Failed to open MaxMind database path=/nonexistent/path/2 error="open /nonexistent/path/2: no such file or directory"
--- PASS: TestReloadReader_Errors (0.00s)
=== RUN   TestGetGeoMetadataAndStatus
--- PASS: TestGetGeoMetadataAndStatus (0.00s)
=== RUN   TestStartGeoUpdater_Logic
2026/05/28 19:26:11 INFO GeoIP database missing, performing initial download
2026/05/28 19:26:11 WARN Failed to open MaxMind database path=/tmp/geotest2247916957/GeoLite2-Country.mmdb error="error opening database: invalid MaxMind DB file"
2026/05/28 19:26:11 INFO GeoIP database exists, skipping initial download
2026/05/28 19:26:11 WARN Failed to open MaxMind database path=/app/geoip/GeoLite2-Country.mmdb error="open /app/geoip/GeoLite2-Country.mmdb: no such file or directory"
--- PASS: TestStartGeoUpdater_Logic (0.00s)
=== RUN   TestUpdateGeoDB_ConfigGeneration
--- PASS: TestUpdateGeoDB_ConfigGeneration (0.00s)
=== RUN   TestUpdateGeoDB_ConfigErrors
=== RUN   TestUpdateGeoDB_ConfigErrors/Missing_AccountID
=== RUN   TestUpdateGeoDB_ConfigErrors/Missing_LicenseKey
--- PASS: TestUpdateGeoDB_ConfigErrors (0.00s)
    --- PASS: TestUpdateGeoDB_ConfigErrors/Missing_AccountID (0.00s)
    --- PASS: TestUpdateGeoDB_ConfigErrors/Missing_LicenseKey (0.00s)
=== RUN   TestRateLimiter
--- PASS: TestRateLimiter (0.00s)
=== RUN   TestIsRateLimitExceeded
redis: 2026/05/28 19:26:11 pool.go:715: redis: connection pool: failed to dial after 5 attempts: dial tcp [::1]:12345: connect: connection refused
redis: 2026/05/28 19:26:12 pool.go:715: redis: connection pool: failed to dial after 5 attempts: dial tcp [::1]:12345: connect: connection refused
redis: 2026/05/28 19:26:12 pool.go:715: redis: connection pool: failed to dial after 5 attempts: dial tcp [::1]:12345: connect: connection refused
redis: 2026/05/28 19:26:13 pool.go:715: redis: connection pool: failed to dial after 5 attempts: dial tcp [::1]:12345: connect: connection refused
2026/05/28 19:26:13 ERROR Redis rate limit check failed key=test_exceed_ip error="dial tcp [::1]:12345: connect: connection refused"
--- PASS: TestIsRateLimitExceeded (1.73s)
=== RUN   TestReserveRateLimitAttempt
--- PASS: TestReserveRateLimitAttempt (0.00s)
=== RUN   TestInitRedis
--- PASS: TestInitRedis (0.01s)
=== RUN   TestSessionManagement
=== RUN   TestSessionManagement/AddSessionIndex
=== RUN   TestSessionManagement/RemoveSessionIndex
=== RUN   TestSessionManagement/InvalidateUserSessions
=== RUN   TestSessionManagement/InvalidateOtherUserSessions
=== RUN   TestSessionManagement/HasActiveSessions
--- PASS: TestSessionManagement (0.01s)
    --- PASS: TestSessionManagement/AddSessionIndex (0.00s)
    --- PASS: TestSessionManagement/RemoveSessionIndex (0.00s)
    --- PASS: TestSessionManagement/InvalidateUserSessions (0.00s)
    --- PASS: TestSessionManagement/InvalidateOtherUserSessions (0.00s)
    --- PASS: TestSessionManagement/HasActiveSessions (0.00s)
=== RUN   TestEncryption
--- PASS: TestEncryption (0.00s)
=== RUN   TestDecryptTokenErrors
=== RUN   TestDecryptTokenErrors/Invalid_base64
=== RUN   TestDecryptTokenErrors/Wrong_key_size
=== RUN   TestDecryptTokenErrors/Invalid_ciphertext
--- PASS: TestDecryptTokenErrors (0.00s)
    --- PASS: TestDecryptTokenErrors/Invalid_base64 (0.00s)
    --- PASS: TestDecryptTokenErrors/Wrong_key_size (0.00s)
    --- PASS: TestDecryptTokenErrors/Invalid_ciphertext (0.00s)
=== RUN   TestEncryptionLargeInput
--- PASS: TestEncryptionLargeInput (0.03s)
=== RUN   TestValidatePasswordComplexity
=== RUN   TestValidatePasswordComplexity/Valid_password
=== RUN   TestValidatePasswordComplexity/Too_short
=== RUN   TestValidatePasswordComplexity/Missing_upper
=== RUN   TestValidatePasswordComplexity/Missing_lower
=== RUN   TestValidatePasswordComplexity/Missing_number
=== RUN   TestValidatePasswordComplexity/Missing_special
=== RUN   TestValidatePasswordComplexity/Only_special_and_numbers
--- PASS: TestValidatePasswordComplexity (0.00s)
    --- PASS: TestValidatePasswordComplexity/Valid_password (0.00s)
    --- PASS: TestValidatePasswordComplexity/Too_short (0.00s)
    --- PASS: TestValidatePasswordComplexity/Missing_upper (0.00s)
    --- PASS: TestValidatePasswordComplexity/Missing_lower (0.00s)
    --- PASS: TestValidatePasswordComplexity/Missing_number (0.00s)
    --- PASS: TestValidatePasswordComplexity/Missing_special (0.00s)
    --- PASS: TestValidatePasswordComplexity/Only_special_and_numbers (0.00s)
=== RUN   TestPasswordHashing
--- PASS: TestPasswordHashing (1.00s)
=== RUN   TestValidatePasswordDetails
--- PASS: TestValidatePasswordDetails (0.00s)
=== RUN   TestValidateRedirectURL
=== RUN   TestValidateRedirectURL/Empty_string
=== RUN   TestValidateRedirectURL/Valid_relative_path
=== RUN   TestValidateRedirectURL/Valid_absolute_URL
=== RUN   TestValidateRedirectURL/Protocol_relative_double_slash
2026/05/28 19:26:14 WARN Protocol-relative redirect attempted url=//evil.com user=testuser
=== RUN   TestValidateRedirectURL/Protocol_relative_slash_backslash
2026/05/28 19:26:14 WARN Protocol-relative redirect attempted url=/\evil.com user=testuser
=== RUN   TestValidateRedirectURL/Protocol_relative_double_backslash
2026/05/28 19:26:14 WARN Protocol-relative redirect attempted url=\\evil.com user=testuser
=== RUN   TestValidateRedirectURL/Protocol_relative_backslash_slash
2026/05/28 19:26:14 WARN Protocol-relative redirect attempted url=\/evil.com user=testuser
=== RUN   TestValidateRedirectURL/Protocol_relative_single_backslash
2026/05/28 19:26:14 WARN Protocol-relative redirect attempted url=\evil.com user=testuser
=== RUN   TestValidateRedirectURL/Leading_space_double_slash
2026/05/28 19:26:14 WARN Protocol-relative redirect attempted url=//evil.com user=testuser
=== RUN   TestValidateRedirectURL/Leading_space_relative_path
=== RUN   TestValidateRedirectURL/Missing_leading_slash
=== RUN   TestValidateRedirectURL/Invalid_scheme_XSS
2026/05/28 19:26:14 WARN Unsafe absolute redirect attempted host="" scheme=javascript user=testuser
=== RUN   TestValidateRedirectURL/Unallowed_host
2026/05/28 19:26:14 WARN Unsafe absolute redirect attempted host=evil.com scheme=https user=testuser
--- PASS: TestValidateRedirectURL (0.00s)
    --- PASS: TestValidateRedirectURL/Empty_string (0.00s)
    --- PASS: TestValidateRedirectURL/Valid_relative_path (0.00s)
    --- PASS: TestValidateRedirectURL/Valid_absolute_URL (0.00s)
    --- PASS: TestValidateRedirectURL/Protocol_relative_double_slash (0.00s)
    --- PASS: TestValidateRedirectURL/Protocol_relative_slash_backslash (0.00s)
    --- PASS: TestValidateRedirectURL/Protocol_relative_double_backslash (0.00s)
    --- PASS: TestValidateRedirectURL/Protocol_relative_backslash_slash (0.00s)
    --- PASS: TestValidateRedirectURL/Protocol_relative_single_backslash (0.00s)
    --- PASS: TestValidateRedirectURL/Leading_space_double_slash (0.00s)
    --- PASS: TestValidateRedirectURL/Leading_space_relative_path (0.00s)
    --- PASS: TestValidateRedirectURL/Missing_leading_slash (0.00s)
    --- PASS: TestValidateRedirectURL/Invalid_scheme_XSS (0.00s)
    --- PASS: TestValidateRedirectURL/Unallowed_host (0.00s)
=== RUN   TestIsUserAgentCompatible
=== RUN   TestIsUserAgentCompatible/Exactly_identical_UAs
=== RUN   TestIsUserAgentCompatible/Android_to_Linux_Chrome_(Tablet_Desktop_Mode_Toggle)
=== RUN   TestIsUserAgentCompatible/Android_to_Linux_Firefox_(Tablet_Desktop_Mode_Toggle)
=== RUN   TestIsUserAgentCompatible/Chrome_vs_Firefox_on_same_OS
=== RUN   TestIsUserAgentCompatible/Chrome_Linux_to_Chrome_Windows_(Different_OS)
=== RUN   TestIsUserAgentCompatible/Chrome_Android_to_Chrome_macOS_(Different_OS)
=== RUN   TestIsUserAgentCompatible/Empty_strings
=== RUN   TestIsUserAgentCompatible/Different_Unknown_UAs_(Strict_Fallback)
=== RUN   TestIsUserAgentCompatible/Identical_Unknown_UAs_(Strict_Fallback)
=== RUN   TestIsUserAgentCompatible/Opera_Linux_to_Opera_Android_(Compatible_Platforms)
=== RUN   TestIsUserAgentCompatible/Opera_vs_Chrome_(Incompatible_Brands)
=== RUN   TestIsUserAgentCompatible/CriOS_(Chrome_iOS)_vs_Chrome_Android_(Different_OS)
=== RUN   TestIsUserAgentCompatible/FxiOS_(Firefox_iOS)_vs_Firefox_Android_(Different_OS)
=== RUN   TestIsUserAgentCompatible/CriOS_vs_FxiOS_on_iOS_(Different_Brands)
=== RUN   TestIsUserAgentCompatible/CriOS_vs_Safari_on_iOS_(Different_Brands)
--- PASS: TestIsUserAgentCompatible (0.00s)
    --- PASS: TestIsUserAgentCompatible/Exactly_identical_UAs (0.00s)
    --- PASS: TestIsUserAgentCompatible/Android_to_Linux_Chrome_(Tablet_Desktop_Mode_Toggle) (0.00s)
    --- PASS: TestIsUserAgentCompatible/Android_to_Linux_Firefox_(Tablet_Desktop_Mode_Toggle) (0.00s)
    --- PASS: TestIsUserAgentCompatible/Chrome_vs_Firefox_on_same_OS (0.00s)
    --- PASS: TestIsUserAgentCompatible/Chrome_Linux_to_Chrome_Windows_(Different_OS) (0.00s)
    --- PASS: TestIsUserAgentCompatible/Chrome_Android_to_Chrome_macOS_(Different_OS) (0.00s)
    --- PASS: TestIsUserAgentCompatible/Empty_strings (0.00s)
    --- PASS: TestIsUserAgentCompatible/Different_Unknown_UAs_(Strict_Fallback) (0.00s)
    --- PASS: TestIsUserAgentCompatible/Identical_Unknown_UAs_(Strict_Fallback) (0.00s)
    --- PASS: TestIsUserAgentCompatible/Opera_Linux_to_Opera_Android_(Compatible_Platforms) (0.00s)
    --- PASS: TestIsUserAgentCompatible/Opera_vs_Chrome_(Incompatible_Brands) (0.00s)
    --- PASS: TestIsUserAgentCompatible/CriOS_(Chrome_iOS)_vs_Chrome_Android_(Different_OS) (0.00s)
    --- PASS: TestIsUserAgentCompatible/FxiOS_(Firefox_iOS)_vs_Firefox_Android_(Different_OS) (0.00s)
    --- PASS: TestIsUserAgentCompatible/CriOS_vs_FxiOS_on_iOS_(Different_Brands) (0.00s)
    --- PASS: TestIsUserAgentCompatible/CriOS_vs_Safari_on_iOS_(Different_Brands) (0.00s)
=== RUN   TestLegacyDecryption
--- PASS: TestLegacyDecryption (0.00s)
=== RUN   TestValidateEmail
=== RUN   TestValidateEmail/Valid_Email
=== RUN   TestValidateEmail/Valid_Email_With_Plus
=== RUN   TestValidateEmail/Valid_email_with_dots
=== RUN   TestValidateEmail/Empty_email
=== RUN   TestValidateEmail/Invalid_Email_-_No_At
=== RUN   TestValidateEmail/Invalid_Email_-_No_Domain
=== RUN   TestValidateEmail/Missing_TLD
=== RUN   TestValidateEmail/Invalid_characters
--- PASS: TestValidateEmail (0.00s)
    --- PASS: TestValidateEmail/Valid_Email (0.00s)
    --- PASS: TestValidateEmail/Valid_Email_With_Plus (0.00s)
    --- PASS: TestValidateEmail/Valid_email_with_dots (0.00s)
    --- PASS: TestValidateEmail/Empty_email (0.00s)
    --- PASS: TestValidateEmail/Invalid_Email_-_No_At (0.00s)
    --- PASS: TestValidateEmail/Invalid_Email_-_No_Domain (0.00s)
    --- PASS: TestValidateEmail/Missing_TLD (0.00s)
    --- PASS: TestValidateEmail/Invalid_characters (0.00s)
=== RUN   TestGenerateRandomString
=== RUN   TestGenerateRandomString/Length_10
=== RUN   TestGenerateRandomString/Length_32
=== RUN   TestGenerateRandomString/Length_64
--- PASS: TestGenerateRandomString (0.00s)
    --- PASS: TestGenerateRandomString/Length_10 (0.00s)
    --- PASS: TestGenerateRandomString/Length_32 (0.00s)
    --- PASS: TestGenerateRandomString/Length_64 (0.00s)
=== RUN   TestDecrypt2FASecret
=== RUN   TestDecrypt2FASecret/Empty_Secret
=== RUN   TestDecrypt2FASecret/Plain_Secret
=== RUN   TestDecrypt2FASecret/Valid_Encrypted_Secret
=== RUN   TestDecrypt2FASecret/Invalid_Encrypted_Secret
--- PASS: TestDecrypt2FASecret (0.00s)
    --- PASS: TestDecrypt2FASecret/Empty_Secret (0.00s)
    --- PASS: TestDecrypt2FASecret/Plain_Secret (0.00s)
    --- PASS: TestDecrypt2FASecret/Valid_Encrypted_Secret (0.00s)
    --- PASS: TestDecrypt2FASecret/Invalid_Encrypted_Secret (0.00s)
=== RUN   TestFormatUserAgent
=== RUN   TestFormatUserAgent/Empty
=== RUN   TestFormatUserAgent/Chrome_on_Windows
=== RUN   TestFormatUserAgent/Firefox_on_macOS
=== RUN   TestFormatUserAgent/Safari_on_iOS
=== RUN   TestFormatUserAgent/Chrome_on_Android
=== RUN   TestFormatUserAgent/Opera_on_Linux
=== RUN   TestFormatUserAgent/Edge_on_Windows
=== RUN   TestFormatUserAgent/CriOS_on_iPad
=== RUN   TestFormatUserAgent/FxiOS_on_iPhone
--- PASS: TestFormatUserAgent (0.00s)
    --- PASS: TestFormatUserAgent/Empty (0.00s)
    --- PASS: TestFormatUserAgent/Chrome_on_Windows (0.00s)
    --- PASS: TestFormatUserAgent/Firefox_on_macOS (0.00s)
    --- PASS: TestFormatUserAgent/Safari_on_iOS (0.00s)
    --- PASS: TestFormatUserAgent/Chrome_on_Android (0.00s)
    --- PASS: TestFormatUserAgent/Opera_on_Linux (0.00s)
    --- PASS: TestFormatUserAgent/Edge_on_Windows (0.00s)
    --- PASS: TestFormatUserAgent/CriOS_on_iPad (0.00s)
    --- PASS: TestFormatUserAgent/FxiOS_on_iPhone (0.00s)
=== RUN   TestGetDeviceIcon
=== RUN   TestGetDeviceIcon/Android
=== RUN   TestGetDeviceIcon/iPhone
=== RUN   TestGetDeviceIcon/iPad
=== RUN   TestGetDeviceIcon/Windows
=== RUN   TestGetDeviceIcon/Macintosh
=== RUN   TestGetDeviceIcon/Linux
=== RUN   TestGetDeviceIcon/Unknown
=== RUN   TestGetDeviceIcon/Android_direct
=== RUN   TestGetDeviceIcon/iPhone_direct
=== RUN   TestGetDeviceIcon/iPad_direct
=== RUN   TestGetDeviceIcon/Windows_direct
=== RUN   TestGetDeviceIcon/Macintosh_direct
=== RUN   TestGetDeviceIcon/Linux_direct
=== RUN   TestGetDeviceIcon/Unknown_direct
--- PASS: TestGetDeviceIcon (0.00s)
    --- PASS: TestGetDeviceIcon/Android (0.00s)
    --- PASS: TestGetDeviceIcon/iPhone (0.00s)
    --- PASS: TestGetDeviceIcon/iPad (0.00s)
    --- PASS: TestGetDeviceIcon/Windows (0.00s)
    --- PASS: TestGetDeviceIcon/Macintosh (0.00s)
    --- PASS: TestGetDeviceIcon/Linux (0.00s)
    --- PASS: TestGetDeviceIcon/Unknown (0.00s)
    --- PASS: TestGetDeviceIcon/Android_direct (0.00s)
    --- PASS: TestGetDeviceIcon/iPhone_direct (0.00s)
    --- PASS: TestGetDeviceIcon/iPad_direct (0.00s)
    --- PASS: TestGetDeviceIcon/Windows_direct (0.00s)
    --- PASS: TestGetDeviceIcon/Macintosh_direct (0.00s)
    --- PASS: TestGetDeviceIcon/Linux_direct (0.00s)
    --- PASS: TestGetDeviceIcon/Unknown_direct (0.00s)
=== RUN   TestValidateUsername
=== RUN   TestValidateUsername/Valid_User
=== RUN   TestValidateUsername/Valid_username_short
=== RUN   TestValidateUsername/Valid_with_dot
=== RUN   TestValidateUsername/Valid_with_hyphen
=== RUN   TestValidateUsername/Valid_with_underscore
=== RUN   TestValidateUsername/Too_Short
=== RUN   TestValidateUsername/Too_Long
=== RUN   TestValidateUsername/Too_long_2
=== RUN   TestValidateUsername/Invalid_Characters
=== RUN   TestValidateUsername/Invalid_characters_2
--- PASS: TestValidateUsername (0.00s)
    --- PASS: TestValidateUsername/Valid_User (0.00s)
    --- PASS: TestValidateUsername/Valid_username_short (0.00s)
    --- PASS: TestValidateUsername/Valid_with_dot (0.00s)
    --- PASS: TestValidateUsername/Valid_with_hyphen (0.00s)
    --- PASS: TestValidateUsername/Valid_with_underscore (0.00s)
    --- PASS: TestValidateUsername/Too_Short (0.00s)
    --- PASS: TestValidateUsername/Too_Long (0.00s)
    --- PASS: TestValidateUsername/Too_long_2 (0.00s)
    --- PASS: TestValidateUsername/Invalid_Characters (0.00s)
    --- PASS: TestValidateUsername/Invalid_characters_2 (0.00s)
=== RUN   TestUserManagement
--- PASS: TestUserManagement (0.33s)
=== RUN   TestUpdateUser
=== RUN   TestUpdateUser/Update_email_and_group
--- PASS: TestUpdateUser (0.33s)
    --- PASS: TestUpdateUser/Update_email_and_group (0.00s)
=== RUN   TestGetUsernameByUID
=== RUN   TestGetUsernameByUID/String_Lookup
=== RUN   TestGetUsernameByUID/Binary_Lookup
=== RUN   TestGetUsernameByUID/Not_Found
--- PASS: TestGetUsernameByUID (0.00s)
    --- PASS: TestGetUsernameByUID/String_Lookup (0.00s)
    --- PASS: TestGetUsernameByUID/Binary_Lookup (0.00s)
    --- PASS: TestGetUsernameByUID/Not_Found (0.00s)
=== RUN   TestInitWebAuthn
=== RUN   TestInitWebAuthn/Default_origins_from_CookieDomains
WebAuthn Registered Origins: [https://example.com https://example.com:5980 http://auth.example.com https://auth.example.com:5980 http://127.0.0.1 http://example.com http://example.com:5980 https://auth.example.com http://auth.example.com:5980 http://localhost:5980 http://127.0.0.1:5980 http://localhost]
=== RUN   TestInitWebAuthn/Normalization_of_origins
WebAuthn Registered Origins: [https://domain.com https://domain2.com http://domain2.com https://domain3.com http://domain3.com]
--- PASS: TestInitWebAuthn (0.00s)
    --- PASS: TestInitWebAuthn/Default_origins_from_CookieDomains (0.00s)
    --- PASS: TestInitWebAuthn/Normalization_of_origins (0.00s)
=== RUN   TestWebAuthnCredentialManagement
--- PASS: TestWebAuthnCredentialManagement (0.01s)
=== RUN   TestWebAuthnUserInterface
--- PASS: TestWebAuthnUserInterface (0.00s)
=== RUN   TestNewWebAuthnUser
--- PASS: TestNewWebAuthnUser (0.00s)
=== RUN   TestUpdateWebAuthnSignCount
--- PASS: TestUpdateWebAuthnSignCount (0.00s)
=== RUN   FuzzValidatePassword
=== RUN   FuzzValidatePassword/seed#0
=== RUN   FuzzValidatePassword/seed#1
=== RUN   FuzzValidatePassword/seed#2
--- PASS: FuzzValidatePassword (0.00s)
    --- PASS: FuzzValidatePassword/seed#0 (0.00s)
    --- PASS: FuzzValidatePassword/seed#1 (0.00s)
    --- PASS: FuzzValidatePassword/seed#2 (0.00s)
=== RUN   FuzzDecryptToken
=== RUN   FuzzDecryptToken/seed#0
=== RUN   FuzzDecryptToken/seed#1
--- PASS: FuzzDecryptToken (0.00s)
    --- PASS: FuzzDecryptToken/seed#0 (0.00s)
    --- PASS: FuzzDecryptToken/seed#1 (0.00s)
FAIL
FAIL	rauth/internal/core	3.704s
FAIL
